<?xml version="1.0" encoding="utf-8"?>
<TestRun id="d61c8c7e-3cfa-4b77-92ce-0a3f4436c386" name="Abel Briones@DESKTOP-FB2ES22 2026-06-21 02:29:29.5865541" xmlns="http://microsoft.com/schemas/VisualStudio/TeamTest/2010">
  <Times creation="2026-06-21T02:29:27.9944587Z" queuing="2026-06-21T02:29:27.9944587Z" start="2026-06-21T02:29:27.9944587Z" finish="2026-06-21T02:29:29.5870096Z" />
  <TestSettings name="default" id="207189c1-6ef6-4d46-9500-212b505b6c54">
    <Deployment runDeploymentRoot="Abel_Briones_DESKTOP-FB2ES22_2026-06-21_02_29_29.5865541" />
  </TestSettings>
  <Results>
    <UnitTestResult executionId="92c47827-6635-4357-9a25-6fb35bca6b42" testId="fc759ae3-1dcc-5aee-c60f-176d59995a2b" testName="ExxerCube.Prisma.Tests.Infrastructure.Identity.PrismaIdentityAdapterTests.GetCurrentAsync_ReturnsIdentity_WhenAuthenticated" computerName="DESKTOP-FB2ES22" duration="00:00:00.4337695" startTime="2026-06-21T02:29:28.1607490+00:00" endTime="2026-06-21T02:29:28.6038184+00:00" testType="13CDC9D9-DDB5-4fa4-A97D-D965CCFC6D4B" outcome="Passed" testListId="8C84FA94-04C1-424b-9868-57A2D4851A1D" relativeResultsDirectory="92c47827-6635-4357-9a25-6fb35bca6b42" />
    <UnitTestResult executionId="b70109d5-1fb4-4a01-bec0-4dfdd0bf7a93" testId="234b84a7-4609-6f55-ea5b-c68ef22d3d14" testName="ExxerCube.Prisma.Tests.Infrastructure.Identity.PrismaIdentityAdapterTests.GetCurrentAsync_ReturnsNull_WhenNoHttpContext" computerName="DESKTOP-FB2ES22" duration="00:00:00.0016606" startTime="2026-06-21T02:29:28.6104544+00:00" endTime="2026-06-21T02:29:28.6121941+00:00" testType="13CDC9D9-DDB5-4fa4-A97D-D965CCFC6D4B" outcome="Passed" testListId="8C84FA94-04C1-424b-9868-57A2D4851A1D" relativeResultsDirectory="b70109d5-1fb4-4a01-bec0-4dfdd0bf7a93" />
    <UnitTestResult executionId="315cf99b-cf9e-453e-9ef5-31ccf94cf967" testId="7f27b0e8-152b-c5cb-aa71-5cc61b6aec3d" testName="ExxerCube.Prisma.Tests.Infrastructure.Identity.PrismaIdentityAdapterTests.Current_ReturnsNull_WhenNotAuthenticated" computerName="DESKTOP-FB2ES22" duration="00:00:00.0008718" startTime="2026-06-21T02:29:28.6123696+00:00" endTime="2026-06-21T02:29:28.6132902+00:00" testType="13CDC9D9-DDB5-4fa4-A97D-D965CCFC6D4B" outcome="Passed" testListId="8C84FA94-04C1-424b-9868-57A2D4851A1D" relativeResultsDirectory="315cf99b-cf9e-453e-9ef5-31ccf94cf967" />
    <UnitTestResult executionId="bb528b2c-c0c1-42a9-9268-8d0755145b47" testId="a24a9025-4f3b-7476-f158-1146c36a3e41" testName="ExxerCube.Prisma.Tests.Infrastructure.Identity.PrismaIdentityAdapterTests.Current_ReturnsIdentity_WhenAuthenticated" computerName="DESKTOP-FB2ES22" duration="00:00:00.0004657" startTime="2026-06-21T02:29:28.6134402+00:00" endTime="2026-06-21T02:29:28.6139437+00:00" testType="13CDC9D9-DDB5-4fa4-A97D-D965CCFC6D4B" outcome="Passed" testListId="8C84FA94-04C1-424b-9868-57A2D4851A1D" relativeResultsDirectory="bb528b2c-c0c1-42a9-9268-8d0755145b47" />
    <UnitTestResult executionId="9944a262-1d5a-4f76-ad23-cf6f05653812" testId="804d5247-c15f-3cdc-136c-f8831860a208" testName="ExxerCube.Prisma.Tests.Infrastructure.Identity.PrismaIdentitySeederTests.SeedAsync_CreatesRolesAndUsers_WhenDatabaseIsEmpty" computerName="DESKTOP-FB2ES22" duration="00:00:01.1649145" startTime="2026-06-21T02:29:28.1607524+00:00" endTime="2026-06-21T02:29:29.3321732+00:00" testType="13CDC9D9-DDB5-4fa4-A97D-D965CCFC6D4B" outcome="Passed" testListId="8C84FA94-04C1-424b-9868-57A2D4851A1D" relativeResultsDirectory="9944a262-1d5a-4f76-ad23-cf6f05653812" />
    <UnitTestResult executionId="9d163ee7-0e18-45cc-a428-7e1a98bed53b" testId="3486a6c5-335e-83e9-afa3-a7018ea03114" testName="ExxerCube.Prisma.Tests.Infrastructure.Identity.PrismaIdentitySeederTests.SeedAsync_IsIdempotent_WhenCalledTwice" computerName="DESKTOP-FB2ES22" duration="00:00:00.1332166" startTime="2026-06-21T02:29:29.3323742+00:00" endTime="2026-06-21T02:29:29.4656601+00:00" testType="13CDC9D9-DDB5-4fa4-A97D-D965CCFC6D4B" outcome="Passed" testListId="8C84FA94-04C1-424b-9868-57A2D4851A1D" relativeResultsDirectory="9d163ee7-0e18-45cc-a428-7e1a98bed53b" />
    <UnitTestResult executionId="a811d6cd-6ad7-4821-8b2e-d0f2594683fd" testId="dbbf173e-808d-348d-a824-ac6205b8756d" testName="ExxerCube.Prisma.Tests.Infrastructure.Identity.PrismaIdentitySeederTests.SeedAsync_SkipsUser_WhenPasswordConfigMissing" computerName="DESKTOP-FB2ES22" duration="00:00:00.1010495" startTime="2026-06-21T02:29:29.4658655+00:00" endTime="2026-06-21T02:29:29.5669475+00:00" testType="13CDC9D9-DDB5-4fa4-A97D-D965CCFC6D4B" outcome="Passed" testListId="8C84FA94-04C1-424b-9868-57A2D4851A1D" relativeResultsDirectory="a811d6cd-6ad7-4821-8b2e-d0f2594683fd" />
  </Results>
  <TestDefinitions>
    <UnitTest name="ExxerCube.Prisma.Tests.Infrastructure.Identity.PrismaIdentityAdapterTests.GetCurrentAsync_ReturnsIdentity_WhenAuthenticated" storage="e:\dynamic\exxercubebanamex\buildartifacts\prisma\bin\exxercube.prisma.tests.infrastructure.identity\net10.0\exxercube.prisma.tests.infrastructure.identity.dll" id="fc759ae3-1dcc-5aee-c60f-176d59995a2b">
      <Execution id="92c47827-6635-4357-9a25-6fb35bca6b42" />
      <TestMethod codeBase="E:\Dynamic\ExxerCubeBanamex\BuildArtifacts\Prisma\bin\ExxerCube.Prisma.Tests.Infrastructure.Identity\net10.0\ExxerCube.Prisma.Tests.Infrastructure.Identity.dll" adapterTypeName="executor://30ea7c6e-dd24-4152-a360-1387158cd41d/3.2.2" className="ExxerCube.Prisma.Tests.Infrastructure.Identity.PrismaIdentityAdapterTests" name="ExxerCube.Prisma.Tests.Infrastructure.Identity.PrismaIdentityAdapterTests.GetCurrentAsync_ReturnsIdentity_WhenAuthenticated" />
    </UnitTest>
    <UnitTest name="ExxerCube.Prisma.Tests.Infrastructure.Identity.PrismaIdentityAdapterTests.GetCurrentAsync_ReturnsNull_WhenNoHttpContext" storage="e:\dynamic\exxercubebanamex\buildartifacts\prisma\bin\exxercube.prisma.tests.infrastructure.identity\net10.0\exxercube.prisma.tests.infrastructure.identity.dll" id="234b84a7-4609-6f55-ea5b-c68ef22d3d14">
      <Execution id="b70109d5-1fb4-4a01-bec0-4dfdd0bf7a93" />
      <TestMethod codeBase="E:\Dynamic\ExxerCubeBanamex\BuildArtifacts\Prisma\bin\ExxerCube.Prisma.Tests.Infrastructure.Identity\net10.0\ExxerCube.Prisma.Tests.Infrastructure.Identity.dll" adapterTypeName="executor://30ea7c6e-dd24-4152-a360-1387158cd41d/3.2.2" className="ExxerCube.Prisma.Tests.Infrastructure.Identity.PrismaIdentityAdapterTests" name="ExxerCube.Prisma.Tests.Infrastructure.Identity.PrismaIdentityAdapterTests.GetCurrentAsync_ReturnsNull_WhenNoHttpContext" />
    </UnitTest>
    <UnitTest name="ExxerCube.Prisma.Tests.Infrastructure.Identity.PrismaIdentityAdapterTests.Current_ReturnsNull_WhenNotAuthenticated" storage="e:\dynamic\exxercubebanamex\buildartifacts\prisma\bin\exxercube.prisma.tests.infrastructure.identity\net10.0\exxercube.prisma.tests.infrastructure.identity.dll" id="7f27b0e8-152b-c5cb-aa71-5cc61b6aec3d">
      <Execution id="315cf99b-cf9e-453e-9ef5-31ccf94cf967" />
      <TestMethod codeBase="E:\Dynamic\ExxerCubeBanamex\BuildArtifacts\Prisma\bin\ExxerCube.Prisma.Tests.Infrastructure.Identity\net10.0\ExxerCube.Prisma.Tests.Infrastructure.Identity.dll" adapterTypeName="executor://30ea7c6e-dd24-4152-a360-1387158cd41d/3.2.2" className="ExxerCube.Prisma.Tests.Infrastructure.Identity.PrismaIdentityAdapterTests" name="ExxerCube.Prisma.Tests.Infrastructure.Identity.PrismaIdentityAdapterTests.Current_ReturnsNull_WhenNotAuthenticated" />
    </UnitTest>
    <UnitTest name="ExxerCube.Prisma.Tests.Infrastructure.Identity.PrismaIdentityAdapterTests.Current_ReturnsIdentity_WhenAuthenticated" storage="e:\dynamic\exxercubebanamex\buildartifacts\prisma\bin\exxercube.prisma.tests.infrastructure.identity\net10.0\exxercube.prisma.tests.infrastructure.identity.dll" id="a24a9025-4f3b-7476-f158-1146c36a3e41">
      <Execution id="bb528b2c-c0c1-42a9-9268-8d0755145b47" />
      <TestMethod codeBase="E:\Dynamic\ExxerCubeBanamex\BuildArtifacts\Prisma\bin\ExxerCube.Prisma.Tests.Infrastructure.Identity\net10.0\ExxerCube.Prisma.Tests.Infrastructure.Identity.dll" adapterTypeName="executor://30ea7c6e-dd24-4152-a360-1387158cd41d/3.2.2" className="ExxerCube.Prisma.Tests.Infrastructure.Identity.PrismaIdentityAdapterTests" name="ExxerCube.Prisma.Tests.Infrastructure.Identity.PrismaIdentityAdapterTests.Current_ReturnsIdentity_WhenAuthenticated" />
    </UnitTest>
    <UnitTest name="ExxerCube.Prisma.Tests.Infrastructure.Identity.PrismaIdentitySeederTests.SeedAsync_CreatesRolesAndUsers_WhenDatabaseIsEmpty" storage="e:\dynamic\exxercubebanamex\buildartifacts\prisma\bin\exxercube.prisma.tests.infrastructure.identity\net10.0\exxercube.prisma.tests.infrastructure.identity.dll" id="804d5247-c15f-3cdc-136c-f8831860a208">
      <Execution id="9944a262-1d5a-4f76-ad23-cf6f05653812" />
      <TestMethod codeBase="E:\Dynamic\ExxerCubeBanamex\BuildArtifacts\Prisma\bin\ExxerCube.Prisma.Tests.Infrastructure.Identity\net10.0\ExxerCube.Prisma.Tests.Infrastructure.Identity.dll" adapterTypeName="executor://30ea7c6e-dd24-4152-a360-1387158cd41d/3.2.2" className="ExxerCube.Prisma.Tests.Infrastructure.Identity.PrismaIdentitySeederTests" name="ExxerCube.Prisma.Tests.Infrastructure.Identity.PrismaIdentitySeederTests.SeedAsync_CreatesRolesAndUsers_WhenDatabaseIsEmpty" />
    </UnitTest>
    <UnitTest name="ExxerCube.Prisma.Tests.Infrastructure.Identity.PrismaIdentitySeederTests.SeedAsync_IsIdempotent_WhenCalledTwice" storage="e:\dynamic\exxercubebanamex\buildartifacts\prisma\bin\exxercube.prisma.tests.infrastructure.identity\net10.0\exxercube.prisma.tests.infrastructure.identity.dll" id="3486a6c5-335e-83e9-afa3-a7018ea03114">
      <Execution id="9d163ee7-0e18-45cc-a428-7e1a98bed53b" />
      <TestMethod codeBase="E:\Dynamic\ExxerCubeBanamex\BuildArtifacts\Prisma\bin\ExxerCube.Prisma.Tests.Infrastructure.Identity\net10.0\ExxerCube.Prisma.Tests.Infrastructure.Identity.dll" adapterTypeName="executor://30ea7c6e-dd24-4152-a360-1387158cd41d/3.2.2" className="ExxerCube.Prisma.Tests.Infrastructure.Identity.PrismaIdentitySeederTests" name="ExxerCube.Prisma.Tests.Infrastructure.Identity.PrismaIdentitySeederTests.SeedAsync_IsIdempotent_WhenCalledTwice" />
    </UnitTest>
    <UnitTest name="ExxerCube.Prisma.Tests.Infrastructure.Identity.PrismaIdentitySeederTests.SeedAsync_SkipsUser_WhenPasswordConfigMissing" storage="e:\dynamic\exxercubebanamex\buildartifacts\prisma\bin\exxercube.prisma.tests.infrastructure.identity\net10.0\exxercube.prisma.tests.infrastructure.identity.dll" id="dbbf173e-808d-348d-a824-ac6205b8756d">
      <Execution id="a811d6cd-6ad7-4821-8b2e-d0f2594683fd" />
      <TestMethod codeBase="E:\Dynamic\ExxerCubeBanamex\BuildArtifacts\Prisma\bin\ExxerCube.Prisma.Tests.Infrastructure.Identity\net10.0\ExxerCube.Prisma.Tests.Infrastructure.Identity.dll" adapterTypeName="executor://30ea7c6e-dd24-4152-a360-1387158cd41d/3.2.2" className="ExxerCube.Prisma.Tests.Infrastructure.Identity.PrismaIdentitySeederTests" name="ExxerCube.Prisma.Tests.Infrastructure.Identity.PrismaIdentitySeederTests.SeedAsync_SkipsUser_WhenPasswordConfigMissing" />
    </UnitTest>
  </TestDefinitions>
  <TestEntries>
    <TestEntry testId="fc759ae3-1dcc-5aee-c60f-176d59995a2b" executionId="92c47827-6635-4357-9a25-6fb35bca6b42" testListId="8C84FA94-04C1-424b-9868-57A2D4851A1D" />
    <TestEntry testId="234b84a7-4609-6f55-ea5b-c68ef22d3d14" executionId="b70109d5-1fb4-4a01-bec0-4dfdd0bf7a93" testListId="8C84FA94-04C1-424b-9868-57A2D4851A1D" />
    <TestEntry testId="7f27b0e8-152b-c5cb-aa71-5cc61b6aec3d" executionId="315cf99b-cf9e-453e-9ef5-31ccf94cf967" testListId="8C84FA94-04C1-424b-9868-57A2D4851A1D" />
    <TestEntry testId="a24a9025-4f3b-7476-f158-1146c36a3e41" executionId="bb528b2c-c0c1-42a9-9268-8d0755145b47" testListId="8C84FA94-04C1-424b-9868-57A2D4851A1D" />
    <TestEntry testId="804d5247-c15f-3cdc-136c-f8831860a208" executionId="9944a262-1d5a-4f76-ad23-cf6f05653812" testListId="8C84FA94-04C1-424b-9868-57A2D4851A1D" />
    <TestEntry testId="3486a6c5-335e-83e9-afa3-a7018ea03114" executionId="9d163ee7-0e18-45cc-a428-7e1a98bed53b" testListId="8C84FA94-04C1-424b-9868-57A2D4851A1D" />
    <TestEntry testId="dbbf173e-808d-348d-a824-ac6205b8756d" executionId="a811d6cd-6ad7-4821-8b2e-d0f2594683fd" testListId="8C84FA94-04C1-424b-9868-57A2D4851A1D" />
  </TestEntries>
  <TestLists>
    <TestList name="Results Not in a List" id="8C84FA94-04C1-424b-9868-57A2D4851A1D" />
    <TestList name="All Loaded Results" id="19431567-8539-422a-85d7-44ee4e166bda" />
  </TestLists>
  <ResultSummary outcome="Completed">
    <Counters total="7" executed="7" passed="7" failed="0" error="0" timeout="0" aborted="0" inconclusive="0" passedButRunAborted="0" notRunnable="0" notExecuted="0" disconnected="0" warning="0" completed="0" inProgress="0" pending="0" />
  </ResultSummary>
</TestRun>