<?xml version="1.0" encoding="utf-8"?>
<TestRun id="394800ad-8349-453a-95b3-15029df67332" name="Abel Briones@DESKTOP-FB2ES22 2026-06-21 03:17:33.1140503" xmlns="http://microsoft.com/schemas/VisualStudio/TeamTest/2010">
  <Times creation="2026-06-21T03:17:31.5758904Z" queuing="2026-06-21T03:17:31.5758904Z" start="2026-06-21T03:17:31.5758904Z" finish="2026-06-21T03:17:33.1147441Z" />
  <TestSettings name="default" id="34c56dde-05f6-4a5d-a467-c989f497a93c">
    <Deployment runDeploymentRoot="Abel_Briones_DESKTOP-FB2ES22_2026-06-21_03_17_33.1140503" />
  </TestSettings>
  <Results>
    <UnitTestResult executionId="ffc9adc1-a197-4c69-b6b2-1c31c285b658" testId="6ae658a0-de3f-14fb-d8f9-d874918f9135" testName="ExxerCube.Prisma.Tests.Infrastructure.FileStorage.SafeFileNamerServiceTests.GenerateSafeFileNameAsync_WithClassification_ReturnsSafeFileName" computerName="DESKTOP-FB2ES22" duration="00:00:00.9157678" startTime="2026-06-21T03:17:31.7182238+00:00" endTime="2026-06-21T03:17:32.6397820+00:00" testType="13CDC9D9-DDB5-4fa4-A97D-D965CCFC6D4B" outcome="Passed" testListId="8C84FA94-04C1-424b-9868-57A2D4851A1D" relativeResultsDirectory="ffc9adc1-a197-4c69-b6b2-1c31c285b658" />
    <UnitTestResult executionId="87e9903e-65c3-4459-a3a4-8f1f68a3d2ae" testId="17fd35ff-8740-3e1a-86cb-1a0700cb3c9c" testName="ExxerCube.Prisma.Tests.Infrastructure.FileStorage.FileMoverServiceTests.MoveFileAsync_NonExistentFile_ReturnsFailure" computerName="DESKTOP-FB2ES22" duration="00:00:00.9168889" startTime="2026-06-21T03:17:31.7182325+00:00" endTime="2026-06-21T03:17:32.6397853+00:00" testType="13CDC9D9-DDB5-4fa4-A97D-D965CCFC6D4B" outcome="Passed" testListId="8C84FA94-04C1-424b-9868-57A2D4851A1D" relativeResultsDirectory="87e9903e-65c3-4459-a3a4-8f1f68a3d2ae" />
    <UnitTestResult executionId="4587da96-81d9-4661-9293-c1050068b6c8" testId="b4b222db-65cf-e843-4d10-d1140d6b81fe" testName="ExxerCube.Prisma.Tests.Infrastructure.FileStorage.FileSystemDownloadStorageAdapterEncryptionTests.ReadFileAsync_NonExistentPath_ReturnsFailureResult" computerName="DESKTOP-FB2ES22" duration="00:00:00.9171096" startTime="2026-06-21T03:17:31.7182303+00:00" endTime="2026-06-21T03:17:32.6397896+00:00" testType="13CDC9D9-DDB5-4fa4-A97D-D965CCFC6D4B" outcome="Passed" testListId="8C84FA94-04C1-424b-9868-57A2D4851A1D" relativeResultsDirectory="4587da96-81d9-4661-9293-c1050068b6c8" />
    <UnitTestResult executionId="4c976590-ca51-4301-971f-6e7f91ec1d57" testId="f1966f71-1e7a-00fb-c86c-556a2fdd98f6" testName="ExxerCube.Prisma.Tests.Infrastructure.FileStorage.AesGcmStorageEncryptorTests.DecryptAsync_WrongKey_ReturnsFailureResult" computerName="DESKTOP-FB2ES22" duration="00:00:00.9192926" startTime="2026-06-21T03:17:31.7182118+00:00" endTime="2026-06-21T03:17:32.6435452+00:00" testType="13CDC9D9-DDB5-4fa4-A97D-D965CCFC6D4B" outcome="Passed" testListId="8C84FA94-04C1-424b-9868-57A2D4851A1D" relativeResultsDirectory="4c976590-ca51-4301-971f-6e7f91ec1d57" />
    <UnitTestResult executionId="49808546-22d4-449a-be3a-6ce9ffde2717" testId="c92e644c-774f-e391-20f7-67aeb7581362" testName="ExxerCube.Prisma.Tests.Infrastructure.FileStorage.FileMoverServiceTests.Constructor_EmptyBaseStoragePath_ThrowsArgumentException" computerName="DESKTOP-FB2ES22" duration="00:00:00.0023187" startTime="2026-06-21T03:17:32.6455378+00:00" endTime="2026-06-21T03:17:32.6479193+00:00" testType="13CDC9D9-DDB5-4fa4-A97D-D965CCFC6D4B" outcome="Passed" testListId="8C84FA94-04C1-424b-9868-57A2D4851A1D" relativeResultsDirectory="49808546-22d4-449a-be3a-6ce9ffde2717" />
    <UnitTestResult executionId="96562cbc-13a8-4fa5-b92a-f5bc9a0b4e46" testId="3da744bc-3027-b410-be9d-10f1290e1891" testName="ExxerCube.Prisma.Tests.Infrastructure.FileStorage.SafeFileNamerServiceTests.GenerateSafeFileNameAsync_WithInvalidCharacters_SanitizesFileName" computerName="DESKTOP-FB2ES22" duration="00:00:00.0022808" startTime="2026-06-21T03:17:32.6457774+00:00" endTime="2026-06-21T03:17:32.6481009+00:00" testType="13CDC9D9-DDB5-4fa4-A97D-D965CCFC6D4B" outcome="Passed" testListId="8C84FA94-04C1-424b-9868-57A2D4851A1D" relativeResultsDirectory="96562cbc-13a8-4fa5-b92a-f5bc9a0b4e46" />
    <UnitTestResult executionId="804ff84c-95e5-4bf6-a5ec-8fba08f78da3" testId="ef50c99f-d087-fb15-57c6-dd28de881015" testName="ExxerCube.Prisma.Tests.Infrastructure.FileStorage.AesGcmStorageEncryptorTests.EncryptAsync_SamePlaintext_ProducesDifferentCiphertextEachCall" computerName="DESKTOP-FB2ES22" duration="00:00:00.0034758" startTime="2026-06-21T03:17:32.6460567+00:00" endTime="2026-06-21T03:17:32.6495780+00:00" testType="13CDC9D9-DDB5-4fa4-A97D-D965CCFC6D4B" outcome="Passed" testListId="8C84FA94-04C1-424b-9868-57A2D4851A1D" relativeResultsDirectory="804ff84c-95e5-4bf6-a5ec-8fba08f78da3" />
    <UnitTestResult executionId="a8490989-71da-4cc6-8d6f-f6dd87c11593" testId="a968fe39-5363-fdca-5704-3e0d27c56b70" testName="ExxerCube.Prisma.Tests.Infrastructure.FileStorage.AesGcmStorageEncryptorTests.EncryptAsync_EmptyPurpose_ReturnsFailureResult" computerName="DESKTOP-FB2ES22" duration="00:00:00.0009153" startTime="2026-06-21T03:17:32.6497483+00:00" endTime="2026-06-21T03:17:32.6507123+00:00" testType="13CDC9D9-DDB5-4fa4-A97D-D965CCFC6D4B" outcome="Passed" testListId="8C84FA94-04C1-424b-9868-57A2D4851A1D" relativeResultsDirectory="a8490989-71da-4cc6-8d6f-f6dd87c11593" />
    <UnitTestResult executionId="57ce9db3-c101-4766-96b0-3650840925c8" testId="c1eaa6d9-702a-74ae-dc63-8c914730f1c8" testName="ExxerCube.Prisma.Tests.Infrastructure.FileStorage.AesGcmStorageEncryptorTests.Constructor_InvalidBase64_ThrowsInvalidOperationException" computerName="DESKTOP-FB2ES22" duration="00:00:00.0004965" startTime="2026-06-21T03:17:32.6509552+00:00" endTime="2026-06-21T03:17:32.6515074+00:00" testType="13CDC9D9-DDB5-4fa4-A97D-D965CCFC6D4B" outcome="Passed" testListId="8C84FA94-04C1-424b-9868-57A2D4851A1D" relativeResultsDirectory="57ce9db3-c101-4766-96b0-3650840925c8" />
    <UnitTestResult executionId="a49bdaf2-a7e2-4305-ba84-f767cdbb1051" testId="2df3451f-98df-01ea-512c-4950aec8fc6f" testName="ExxerCube.Prisma.Tests.Infrastructure.FileStorage.AesGcmStorageEncryptorTests.EncryptAsync_CancelledToken_ReturnsCancelledResult" computerName="DESKTOP-FB2ES22" duration="00:00:00.0009038" startTime="2026-06-21T03:17:32.6517795+00:00" endTime="2026-06-21T03:17:32.6527181+00:00" testType="13CDC9D9-DDB5-4fa4-A97D-D965CCFC6D4B" outcome="Passed" testListId="8C84FA94-04C1-424b-9868-57A2D4851A1D" relativeResultsDirectory="a49bdaf2-a7e2-4305-ba84-f767cdbb1051" />
    <UnitTestResult executionId="0ec8d2d1-2335-44db-b49b-bc6a42481e95" testId="eb6d220e-272c-f091-5c85-fd9f58389844" testName="ExxerCube.Prisma.Tests.Infrastructure.FileStorage.AesGcmStorageEncryptorTests.DecryptAsync_EmptyPurpose_ReturnsFailureResult" computerName="DESKTOP-FB2ES22" duration="00:00:00.0006037" startTime="2026-06-21T03:17:32.6528896+00:00" endTime="2026-06-21T03:17:32.6535267+00:00" testType="13CDC9D9-DDB5-4fa4-A97D-D965CCFC6D4B" outcome="Passed" testListId="8C84FA94-04C1-424b-9868-57A2D4851A1D" relativeResultsDirectory="0ec8d2d1-2335-44db-b49b-bc6a42481e95" />
    <UnitTestResult executionId="83eb7caa-16ff-4e36-abc0-83713fe5914c" testId="3c3411e9-4d07-7589-ef71-12f9eacb3820" testName="ExxerCube.Prisma.Tests.Infrastructure.FileStorage.SafeFileNamerServiceTests.GenerateSafeFileNameAsync_Always_IncludesTimestamp" computerName="DESKTOP-FB2ES22" duration="00:00:00.0053334" startTime="2026-06-21T03:17:32.6482295+00:00" endTime="2026-06-21T03:17:32.6535952+00:00" testType="13CDC9D9-DDB5-4fa4-A97D-D965CCFC6D4B" outcome="Passed" testListId="8C84FA94-04C1-424b-9868-57A2D4851A1D" relativeResultsDirectory="83eb7caa-16ff-4e36-abc0-83713fe5914c" />
    <UnitTestResult executionId="126277f3-cf8e-49b6-b2a7-f29410f6f484" testId="5617412e-871f-4c15-ec34-ea107d7fc2f3" testName="ExxerCube.Prisma.Tests.Infrastructure.FileStorage.SafeFileNamerServiceTests.GenerateSafeFileNameAsync_ExpedienteWithWhitespace_ReplacesWithUnderscore" computerName="DESKTOP-FB2ES22" duration="00:00:00.0005666" startTime="2026-06-21T03:17:32.6537410+00:00" endTime="2026-06-21T03:17:32.6543391+00:00" testType="13CDC9D9-DDB5-4fa4-A97D-D965CCFC6D4B" outcome="Passed" testListId="8C84FA94-04C1-424b-9868-57A2D4851A1D" relativeResultsDirectory="126277f3-cf8e-49b6-b2a7-f29410f6f484" />
    <UnitTestResult executionId="45e5d403-a8a2-4bd6-bcb1-1786be30ba48" testId="107ff84e-e30d-dd1f-f0c4-fa4f498d17f5" testName="ExxerCube.Prisma.Tests.Infrastructure.FileStorage.AesGcmStorageEncryptorTests.DecryptAsync_TruncatedBlob_ReturnsFailureResult" computerName="DESKTOP-FB2ES22" duration="00:00:00.0011176" startTime="2026-06-21T03:17:32.6536695+00:00" endTime="2026-06-21T03:17:32.6548145+00:00" testType="13CDC9D9-DDB5-4fa4-A97D-D965CCFC6D4B" outcome="Passed" testListId="8C84FA94-04C1-424b-9868-57A2D4851A1D" relativeResultsDirectory="45e5d403-a8a2-4bd6-bcb1-1786be30ba48" />
    <UnitTestResult executionId="957998ea-ffbc-488b-8093-677a1a98c538" testId="30f41c6e-f142-1c07-f0c8-7830d78658f6" testName="ExxerCube.Prisma.Tests.Infrastructure.FileStorage.SafeFileNamerServiceTests.GenerateSafeFileNameAsync_WithLevel2_HasExactOrderedStructure" computerName="DESKTOP-FB2ES22" duration="00:00:00.0007330" startTime="2026-06-21T03:17:32.6544717+00:00" endTime="2026-06-21T03:17:32.6552423+00:00" testType="13CDC9D9-DDB5-4fa4-A97D-D965CCFC6D4B" outcome="Passed" testListId="8C84FA94-04C1-424b-9868-57A2D4851A1D" relativeResultsDirectory="957998ea-ffbc-488b-8093-677a1a98c538" />
    <UnitTestResult executionId="692b54db-a816-4a61-a222-f86ff891c02d" testId="1616c60c-3cc2-9fe8-c148-13b741bb97aa" testName="ExxerCube.Prisma.Tests.Infrastructure.FileStorage.SafeFileNamerServiceTests.GenerateSafeFileNameAsync_NullLevel2_OmitsSecondComponent" computerName="DESKTOP-FB2ES22" duration="00:00:00.0007422" startTime="2026-06-21T03:17:32.6554029+00:00" endTime="2026-06-21T03:17:32.6561727+00:00" testType="13CDC9D9-DDB5-4fa4-A97D-D965CCFC6D4B" outcome="Passed" testListId="8C84FA94-04C1-424b-9868-57A2D4851A1D" relativeResultsDirectory="692b54db-a816-4a61-a222-f86ff891c02d" />
    <UnitTestResult executionId="0894d55a-b052-4d22-b132-0fe502c740e6" testId="73e4c8e5-2bcd-ec79-1f51-6197d0526391" testName="ExxerCube.Prisma.Tests.Infrastructure.FileStorage.SafeFileNamerServiceTests.GenerateSafeFileNameAsync_EmptyExpedienteNumber_OmitsExpedienteComponent" computerName="DESKTOP-FB2ES22" duration="00:00:00.0006891" startTime="2026-06-21T03:17:32.6563096+00:00" endTime="2026-06-21T03:17:32.6570228+00:00" testType="13CDC9D9-DDB5-4fa4-A97D-D965CCFC6D4B" outcome="Passed" testListId="8C84FA94-04C1-424b-9868-57A2D4851A1D" relativeResultsDirectory="0894d55a-b052-4d22-b132-0fe502c740e6" />
    <UnitTestResult executionId="c17b521b-7765-4192-8391-b4b5b09d9e93" testId="7ffd419c-f9d1-d39c-6a40-4fb5508e5154" testName="ExxerCube.Prisma.Tests.Infrastructure.FileStorage.SafeFileNamerServiceTests.GenerateSafeFileNameAsync_ShortName_NotTruncated" computerName="DESKTOP-FB2ES22" duration="00:00:00.0015048" startTime="2026-06-21T03:17:32.6571943+00:00" endTime="2026-06-21T03:17:32.6587685+00:00" testType="13CDC9D9-DDB5-4fa4-A97D-D965CCFC6D4B" outcome="Passed" testListId="8C84FA94-04C1-424b-9868-57A2D4851A1D" relativeResultsDirectory="c17b521b-7765-4192-8391-b4b5b09d9e93" />
    <UnitTestResult executionId="ba0b5772-351a-4532-9d79-928420a3a573" testId="c1603671-3440-69d8-3b32-f8e477131a56" testName="ExxerCube.Prisma.Tests.Infrastructure.FileStorage.SafeFileNamerServiceTests.GenerateSafeFileNameAsync_PreservesOriginalExtension" computerName="DESKTOP-FB2ES22" duration="00:00:00.0012216" startTime="2026-06-21T03:17:32.6590384+00:00" endTime="2026-06-21T03:17:32.6603132+00:00" testType="13CDC9D9-DDB5-4fa4-A97D-D965CCFC6D4B" outcome="Passed" testListId="8C84FA94-04C1-424b-9868-57A2D4851A1D" relativeResultsDirectory="ba0b5772-351a-4532-9d79-928420a3a573" />
    <UnitTestResult executionId="de244c7a-d47e-4f14-9156-380f8ec65a6a" testId="587cc6f5-d3b4-ff58-c9a0-f272e2e20b6c" testName="ExxerCube.Prisma.Tests.Infrastructure.FileStorage.SafeFileNamerServiceTests.GenerateSafeFileNameAsync_NullLevel1_ReturnsFailureFromCatch" computerName="DESKTOP-FB2ES22" duration="00:00:00.0007529" startTime="2026-06-21T03:17:32.6604781+00:00" endTime="2026-06-21T03:17:32.6612590+00:00" testType="13CDC9D9-DDB5-4fa4-A97D-D965CCFC6D4B" outcome="Passed" testListId="8C84FA94-04C1-424b-9868-57A2D4851A1D" relativeResultsDirectory="de244c7a-d47e-4f14-9156-380f8ec65a6a" />
    <UnitTestResult executionId="30ac37a9-4e7d-43ae-9191-94dd3494d945" testId="22774690-212d-62e4-f9cf-bc09e462ebc3" testName="ExxerCube.Prisma.Tests.Infrastructure.FileStorage.SafeFileNamerServiceTests.GenerateSafeFileNameAsync_ExpedienteWithInvalidChar_ReplacesWithUnderscore" computerName="DESKTOP-FB2ES22" duration="00:00:00.0004935" startTime="2026-06-21T03:17:32.6613818+00:00" endTime="2026-06-21T03:17:32.6618964+00:00" testType="13CDC9D9-DDB5-4fa4-A97D-D965CCFC6D4B" outcome="Passed" testListId="8C84FA94-04C1-424b-9868-57A2D4851A1D" relativeResultsDirectory="30ac37a9-4e7d-43ae-9191-94dd3494d945" />
    <UnitTestResult executionId="8170170d-ecac-48a0-9238-a6c1ceae3478" testId="1d69b9ce-7365-317b-defb-a455eee0bb77" testName="ExxerCube.Prisma.Tests.Infrastructure.FileStorage.SafeFileNamerServiceTests.GenerateSafeFileNameAsync_Level1_IsUpperCased" computerName="DESKTOP-FB2ES22" duration="00:00:00.0005097" startTime="2026-06-21T03:17:32.6620053+00:00" endTime="2026-06-21T03:17:32.6625351+00:00" testType="13CDC9D9-DDB5-4fa4-A97D-D965CCFC6D4B" outcome="Passed" testListId="8C84FA94-04C1-424b-9868-57A2D4851A1D" relativeResultsDirectory="8170170d-ecac-48a0-9238-a6c1ceae3478" />
    <UnitTestResult executionId="11398325-cd1b-49f9-87f4-cd9635ab44f0" testId="be9bae5e-cd2d-29e3-b1f5-ec353494f233" testName="ExxerCube.Prisma.Tests.Infrastructure.FileStorage.SafeFileNamerServiceTests.GenerateSafeFileNameAsync_NoLevel2NoMetadata_HasExactStructure" computerName="DESKTOP-FB2ES22" duration="00:00:00.0005804" startTime="2026-06-21T03:17:32.6626655+00:00" endTime="2026-06-21T03:17:32.6632679+00:00" testType="13CDC9D9-DDB5-4fa4-A97D-D965CCFC6D4B" outcome="Passed" testListId="8C84FA94-04C1-424b-9868-57A2D4851A1D" relativeResultsDirectory="11398325-cd1b-49f9-87f4-cd9635ab44f0" />
    <UnitTestResult executionId="439534b1-7ee7-41ef-896d-28c6558ff9f0" testId="b18c301b-8604-0df8-069b-e0db505d2a23" testName="ExxerCube.Prisma.Tests.Infrastructure.FileStorage.SafeFileNamerServiceTests.GenerateSafeFileNameAsync_WithExpediente_IncludesExpediente" computerName="DESKTOP-FB2ES22" duration="00:00:00.0005661" startTime="2026-06-21T03:17:32.6633935+00:00" endTime="2026-06-21T03:17:32.6639816+00:00" testType="13CDC9D9-DDB5-4fa4-A97D-D965CCFC6D4B" outcome="Passed" testListId="8C84FA94-04C1-424b-9868-57A2D4851A1D" relativeResultsDirectory="439534b1-7ee7-41ef-896d-28c6558ff9f0" />
    <UnitTestResult executionId="68e5c058-e393-4069-b36e-556a5cbcf7e6" testId="12750199-3f5c-e1d0-0016-f4e991e2e39e" testName="ExxerCube.Prisma.Tests.Infrastructure.FileStorage.FileSystemDownloadStorageAdapterEncryptionTests.SaveFileAsync_WrittenFile_RawDiskBytesDoNotContainPlaintextPurposeString" computerName="DESKTOP-FB2ES22" duration="00:00:00.0171029" startTime="2026-06-21T03:17:32.6456262+00:00" endTime="2026-06-21T03:17:32.6650066+00:00" testType="13CDC9D9-DDB5-4fa4-A97D-D965CCFC6D4B" outcome="Passed" testListId="8C84FA94-04C1-424b-9868-57A2D4851A1D" relativeResultsDirectory="68e5c058-e393-4069-b36e-556a5cbcf7e6" />
    <UnitTestResult executionId="afc40d90-bdbe-4bf1-8164-79e2677aa0a3" testId="b368fd33-4a89-d984-5150-889e76d90947" testName="ExxerCube.Prisma.Tests.Infrastructure.FileStorage.FileSystemDownloadStorageAdapterEncryptionTests.ReadFileAsync_WrongKey_ReturnsFailureResult" computerName="DESKTOP-FB2ES22" duration="00:00:00.0125503" startTime="2026-06-21T03:17:32.6676931+00:00" endTime="2026-06-21T03:17:32.6803520+00:00" testType="13CDC9D9-DDB5-4fa4-A97D-D965CCFC6D4B" outcome="Passed" testListId="8C84FA94-04C1-424b-9868-57A2D4851A1D" relativeResultsDirectory="afc40d90-bdbe-4bf1-8164-79e2677aa0a3" />
    <UnitTestResult executionId="1f3e2301-c32b-4347-89d7-60401ca48262" testId="b43266c8-eb8e-0ee7-7122-4e8f66a2f2a6" testName="ExxerCube.Prisma.Tests.Infrastructure.FileStorage.FileSystemDownloadStorageAdapterEncryptionTests.SaveFileAsync_WrittenFile_RawDiskBytesAreNotPlaintext" computerName="DESKTOP-FB2ES22" duration="00:00:00.0088376" startTime="2026-06-21T03:17:32.6806020+00:00" endTime="2026-06-21T03:17:32.6895012+00:00" testType="13CDC9D9-DDB5-4fa4-A97D-D965CCFC6D4B" outcome="Passed" testListId="8C84FA94-04C1-424b-9868-57A2D4851A1D" relativeResultsDirectory="1f3e2301-c32b-4347-89d7-60401ca48262" />
    <UnitTestResult executionId="8906b294-c9b1-4de8-af4b-3652818e5b78" testId="831fdb22-8fc4-7159-b64c-6d4839ccc105" testName="ExxerCube.Prisma.Tests.Infrastructure.FileStorage.FileSystemDownloadStorageAdapterEncryptionTests.SaveFileAsync_WrittenFile_RawDiskBytesDoNotContainKnownPlaintextMarker" computerName="DESKTOP-FB2ES22" duration="00:00:00.0087482" startTime="2026-06-21T03:17:32.6897357+00:00" endTime="2026-06-21T03:17:32.6985449+00:00" testType="13CDC9D9-DDB5-4fa4-A97D-D965CCFC6D4B" outcome="Passed" testListId="8C84FA94-04C1-424b-9868-57A2D4851A1D" relativeResultsDirectory="8906b294-c9b1-4de8-af4b-3652818e5b78" />
    <UnitTestResult executionId="dff622fa-8735-4c14-b498-10d7485c6296" testId="75218af6-88fc-4940-e596-e9c5de4ce810" testName="ExxerCube.Prisma.Tests.Infrastructure.FileStorage.FileSystemDownloadStorageAdapterEncryptionTests.SaveFileAsync_ValidFile_CreatesDirectoryStructure" computerName="DESKTOP-FB2ES22" duration="00:00:00.0032370" startTime="2026-06-21T03:17:32.6987520+00:00" endTime="2026-06-21T03:17:32.7020433+00:00" testType="13CDC9D9-DDB5-4fa4-A97D-D965CCFC6D4B" outcome="Passed" testListId="8C84FA94-04C1-424b-9868-57A2D4851A1D" relativeResultsDirectory="dff622fa-8735-4c14-b498-10d7485c6296" />
    <UnitTestResult executionId="6700434e-add8-486f-899d-b4f95b7526d9" testId="2c3b274b-9f7c-edd4-563b-62782d4aa7ec" testName="ExxerCube.Prisma.Tests.Infrastructure.FileStorage.FileSystemDownloadStorageAdapterEncryptionTests.SaveFileAsync_WrittenFile_BlobIsLargerThanPlaintextByAtLeastNonceAndTagSize" computerName="DESKTOP-FB2ES22" duration="00:00:00.0087037" startTime="2026-06-21T03:17:32.7022367+00:00" endTime="2026-06-21T03:17:32.7109965+00:00" testType="13CDC9D9-DDB5-4fa4-A97D-D965CCFC6D4B" outcome="Passed" testListId="8C84FA94-04C1-424b-9868-57A2D4851A1D" relativeResultsDirectory="6700434e-add8-486f-899d-b4f95b7526d9" />
    <UnitTestResult executionId="c595fe98-d57d-4f64-a999-5475040bed58" testId="edee620e-af21-4397-8856-105a5df34ea5" testName="ExxerCube.Prisma.Tests.Infrastructure.FileStorage.AesGcmStorageEncryptorTests.EncryptAsync_ThenDecryptAsync_SamePurpose_ReturnsOriginalBytes" computerName="DESKTOP-FB2ES22" duration="00:00:00.3908714" startTime="2026-06-21T03:17:32.6549457+00:00" endTime="2026-06-21T03:17:33.0458787+00:00" testType="13CDC9D9-DDB5-4fa4-A97D-D965CCFC6D4B" outcome="Passed" testListId="8C84FA94-04C1-424b-9868-57A2D4851A1D" relativeResultsDirectory="c595fe98-d57d-4f64-a999-5475040bed58" />
    <UnitTestResult executionId="fdb04e49-70c1-4d9e-aed6-165ab48dcc87" testId="096ca9cd-1652-8af8-85db-216ca51ce400" testName="ExxerCube.Prisma.Tests.Infrastructure.FileStorage.SafeFileNamerServiceTests.GenerateSafeFileNameAsync_OverlongName_TruncatedToExactly200PlusExtension" computerName="DESKTOP-FB2ES22" duration="00:00:00.3827048" startTime="2026-06-21T03:17:32.6640978+00:00" endTime="2026-06-21T03:17:33.0468349+00:00" testType="13CDC9D9-DDB5-4fa4-A97D-D965CCFC6D4B" outcome="Passed" testListId="8C84FA94-04C1-424b-9868-57A2D4851A1D" relativeResultsDirectory="fdb04e49-70c1-4d9e-aed6-165ab48dcc87" />
    <UnitTestResult executionId="1c275638-4a25-4052-b472-c8aebf7c373c" testId="b30ae809-26cb-a1eb-e165-a2fca31246c3" testName="ExxerCube.Prisma.Tests.Infrastructure.FileStorage.AesGcmStorageEncryptorTests.DecryptAsync_CancelledToken_ReturnsCancelledResult" computerName="DESKTOP-FB2ES22" duration="00:00:00.0008541" startTime="2026-06-21T03:17:33.0462166+00:00" endTime="2026-06-21T03:17:33.0471083+00:00" testType="13CDC9D9-DDB5-4fa4-A97D-D965CCFC6D4B" outcome="Passed" testListId="8C84FA94-04C1-424b-9868-57A2D4851A1D" relativeResultsDirectory="1c275638-4a25-4052-b472-c8aebf7c373c" />
    <UnitTestResult executionId="deb6dc8c-b7f8-407d-bde5-ead723e63af0" testId="90566fe7-6ecb-b024-1c6a-71b149608987" testName="ExxerCube.Prisma.Tests.Infrastructure.FileStorage.AesGcmStorageEncryptorTests.Constructor_KeyTooShort_ThrowsInvalidOperationException" computerName="DESKTOP-FB2ES22" duration="00:00:00.0004439" startTime="2026-06-21T03:17:33.0472363+00:00" endTime="2026-06-21T03:17:33.0477309+00:00" testType="13CDC9D9-DDB5-4fa4-A97D-D965CCFC6D4B" outcome="Passed" testListId="8C84FA94-04C1-424b-9868-57A2D4851A1D" relativeResultsDirectory="deb6dc8c-b7f8-407d-bde5-ead723e63af0" />
    <UnitTestResult executionId="d809bba3-0144-4737-99bb-e0b3882178ce" testId="fc340fae-53ab-f1df-944b-7532173f332f" testName="ExxerCube.Prisma.Tests.Infrastructure.FileStorage.SafeFileNamerServiceTests.GenerateSafeFileNameAsync_WithExpediente_HasExactOrderedStructure" computerName="DESKTOP-FB2ES22" duration="00:00:00.0008683" startTime="2026-06-21T03:17:33.0470374+00:00" endTime="2026-06-21T03:17:33.0479396+00:00" testType="13CDC9D9-DDB5-4fa4-A97D-D965CCFC6D4B" outcome="Passed" testListId="8C84FA94-04C1-424b-9868-57A2D4851A1D" relativeResultsDirectory="d809bba3-0144-4737-99bb-e0b3882178ce" />
    <UnitTestResult executionId="e5461746-2c0b-42c4-88fb-04e8a49d1ac0" testId="6e2208be-836c-d2ff-ae9e-abc95e009ca2" testName="ExxerCube.Prisma.Tests.Infrastructure.FileStorage.FileSystemDownloadStorageAdapterTests.SaveFileAsync_ValidFile_SavesSuccessfully" computerName="DESKTOP-FB2ES22" duration="00:00:01.3262585" startTime="2026-06-21T03:17:31.7182175+00:00" endTime="2026-06-21T03:17:33.0481959+00:00" testType="13CDC9D9-DDB5-4fa4-A97D-D965CCFC6D4B" outcome="Passed" testListId="8C84FA94-04C1-424b-9868-57A2D4851A1D" relativeResultsDirectory="e5461746-2c0b-42c4-88fb-04e8a49d1ac0">
      <Output>
        <StdOut>Encrypting and saving file test-document.pdf to C:\Users\Abel Briones\AppData\Local\Temp\d0bc7ea7-988c-419b-b404-66542f9c51d2\pdf\2026-06\74f81fe167d99b4cb41d6d0ccda82278caee9f3e2f25d5e5a3936ff3dcec60d0\test-document.pdf
Successfully saved encrypted file test-document.pdf to C:\Users\Abel Briones\AppData\Local\Temp\d0bc7ea7-988c-419b-b404-66542f9c51d2\pdf\2026-06\74f81fe167d99b4cb41d6d0ccda82278caee9f3e2f25d5e5a3936ff3dcec60d0\test-document.pdf (33 bytes on disk)
</StdOut>
      </Output>
    </UnitTestResult>
    <UnitTestResult executionId="e0ad5aa8-4c4c-44fe-a309-5b34df29e7e2" testId="cf1c10e1-44fc-31a3-e1d4-825315525a0c" testName="ExxerCube.Prisma.Tests.Infrastructure.FileStorage.FileSystemDownloadStorageAdapterEncryptionTests.SaveFileAsync_ThenReadFileAsync_SamePurpose_ReturnsOriginalBytes" computerName="DESKTOP-FB2ES22" duration="00:00:00.3371630" startTime="2026-06-21T03:17:32.7112901+00:00" endTime="2026-06-21T03:17:33.0485068+00:00" testType="13CDC9D9-DDB5-4fa4-A97D-D965CCFC6D4B" outcome="Passed" testListId="8C84FA94-04C1-424b-9868-57A2D4851A1D" relativeResultsDirectory="e0ad5aa8-4c4c-44fe-a309-5b34df29e7e2" />
    <UnitTestResult executionId="8bc0f07f-c745-45f3-b611-4dc80c48ff37" testId="1cf8dacc-bfbb-1a53-441c-9ccb74d9e1b8" testName="ExxerCube.Prisma.Tests.Infrastructure.FileStorage.SafeFileNamerServiceTests.GenerateSafeFileNameAsync_ExpedienteWithValidChars_PreservesThem" computerName="DESKTOP-FB2ES22" duration="00:00:00.0010095" startTime="2026-06-21T03:17:33.0480783+00:00" endTime="2026-06-21T03:17:33.0491258+00:00" testType="13CDC9D9-DDB5-4fa4-A97D-D965CCFC6D4B" outcome="Passed" testListId="8C84FA94-04C1-424b-9868-57A2D4851A1D" relativeResultsDirectory="8bc0f07f-c745-45f3-b611-4dc80c48ff37" />
    <UnitTestResult executionId="992285ea-63b2-43d6-959c-59c891f2eaf7" testId="398d322c-0481-e92b-41a7-b7250524067a" testName="ExxerCube.Prisma.Tests.Infrastructure.FileStorage.AesGcmStorageEncryptorTests.EncryptAsync_BlobLayout_HasNonceTagAndCiphertext" computerName="DESKTOP-FB2ES22" duration="00:00:00.0018970" startTime="2026-06-21T03:17:33.0479227+00:00" endTime="2026-06-21T03:17:33.0498528+00:00" testType="13CDC9D9-DDB5-4fa4-A97D-D965CCFC6D4B" outcome="Passed" testListId="8C84FA94-04C1-424b-9868-57A2D4851A1D" relativeResultsDirectory="992285ea-63b2-43d6-959c-59c891f2eaf7" />
    <UnitTestResult executionId="d914b89e-be22-42fe-b3d8-cbece7866c45" testId="85d78df6-4a34-92b4-6cd0-ed25e046a741" testName="ExxerCube.Prisma.Tests.Infrastructure.FileStorage.SafeFileNamerServiceTests.GenerateSafeFileNameAsync_NullExpedienteObject_OmitsExpedienteComponent" computerName="DESKTOP-FB2ES22" duration="00:00:00.0013816" startTime="2026-06-21T03:17:33.0492919+00:00" endTime="2026-06-21T03:17:33.0507076+00:00" testType="13CDC9D9-DDB5-4fa4-A97D-D965CCFC6D4B" outcome="Passed" testListId="8C84FA94-04C1-424b-9868-57A2D4851A1D" relativeResultsDirectory="d914b89e-be22-42fe-b3d8-cbece7866c45" />
    <UnitTestResult executionId="e9092189-8997-4f4d-a4a1-f2f3273d08a6" testId="a72842dc-9c28-c21f-919a-1721644164d8" testName="ExxerCube.Prisma.Tests.Infrastructure.FileStorage.FileMoverServiceTests.MoveFileAsync_WithLevel2_BuildsExactClassificationPath" computerName="DESKTOP-FB2ES22" duration="00:00:00.4027535" startTime="2026-06-21T03:17:32.6480664+00:00" endTime="2026-06-21T03:17:33.0508608+00:00" testType="13CDC9D9-DDB5-4fa4-A97D-D965CCFC6D4B" outcome="Passed" testListId="8C84FA94-04C1-424b-9868-57A2D4851A1D" relativeResultsDirectory="e9092189-8997-4f4d-a4a1-f2f3273d08a6" />
    <UnitTestResult executionId="aac0eb87-bb2f-420e-a71f-f5adab97f1d0" testId="1d8edde7-b61a-1178-bced-8765838bcde4" testName="ExxerCube.Prisma.Tests.Infrastructure.FileStorage.AesGcmStorageEncryptorTests.DecryptAsync_WrongPurpose_ReturnsFailureResult" computerName="DESKTOP-FB2ES22" duration="00:00:00.0013446" startTime="2026-06-21T03:17:33.0500418+00:00" endTime="2026-06-21T03:17:33.0514250+00:00" testType="13CDC9D9-DDB5-4fa4-A97D-D965CCFC6D4B" outcome="Passed" testListId="8C84FA94-04C1-424b-9868-57A2D4851A1D" relativeResultsDirectory="aac0eb87-bb2f-420e-a71f-f5adab97f1d0" />
    <UnitTestResult executionId="d236a0a5-4a2a-405c-9f42-ae22a7ad5891" testId="8c460018-9458-a833-e09c-17a998017f45" testName="ExxerCube.Prisma.Tests.Infrastructure.FileStorage.FileSystemDownloadStorageAdapterTests.GenerateStoragePath_WithChecksum_GeneratesDeterministicPath" computerName="DESKTOP-FB2ES22" duration="00:00:00.0033688" startTime="2026-06-21T03:17:33.0483536+00:00" endTime="2026-06-21T03:17:33.0517984+00:00" testType="13CDC9D9-DDB5-4fa4-A97D-D965CCFC6D4B" outcome="Passed" testListId="8C84FA94-04C1-424b-9868-57A2D4851A1D" relativeResultsDirectory="d236a0a5-4a2a-405c-9f42-ae22a7ad5891" />
    <UnitTestResult executionId="f740360b-6c2b-4994-b7c0-0c9b8d7f4027" testId="eebba702-76bb-999a-c650-540e1ef7e621" testName="ExxerCube.Prisma.Tests.Infrastructure.FileStorage.AesGcmStorageEncryptorTests.Constructor_MissingKey_ThrowsInvalidOperationException" computerName="DESKTOP-FB2ES22" duration="00:00:00.0007666" startTime="2026-06-21T03:17:33.0515888+00:00" endTime="2026-06-21T03:17:33.0523956+00:00" testType="13CDC9D9-DDB5-4fa4-A97D-D965CCFC6D4B" outcome="Passed" testListId="8C84FA94-04C1-424b-9868-57A2D4851A1D" relativeResultsDirectory="f740360b-6c2b-4994-b7c0-0c9b8d7f4027" />
    <UnitTestResult executionId="50f42a15-d6d9-40f8-a1df-a0540b40fbd5" testId="dd467678-0796-c645-b1df-53282e7fea22" testName="ExxerCube.Prisma.Tests.Infrastructure.FileStorage.FileMoverServiceTests.MoveFileAsync_NoConflict_KeepsExactName" computerName="DESKTOP-FB2ES22" duration="00:00:00.0053504" startTime="2026-06-21T03:17:33.0510613+00:00" endTime="2026-06-21T03:17:33.0564733+00:00" testType="13CDC9D9-DDB5-4fa4-A97D-D965CCFC6D4B" outcome="Passed" testListId="8C84FA94-04C1-424b-9868-57A2D4851A1D" relativeResultsDirectory="50f42a15-d6d9-40f8-a1df-a0540b40fbd5" />
    <UnitTestResult executionId="eb207e41-8de1-42cf-b2bf-a84a87795e24" testId="46972281-9b20-6755-6480-24b070ffc758" testName="ExxerCube.Prisma.Tests.Infrastructure.FileStorage.FileSystemDownloadStorageAdapterTests.SaveFileAsync_ValidFile_CreatesDirectoryStructure" computerName="DESKTOP-FB2ES22" duration="00:00:00.0068900" startTime="2026-06-21T03:17:33.0520612+00:00" endTime="2026-06-21T03:17:33.0590431+00:00" testType="13CDC9D9-DDB5-4fa4-A97D-D965CCFC6D4B" outcome="Passed" testListId="8C84FA94-04C1-424b-9868-57A2D4851A1D" relativeResultsDirectory="eb207e41-8de1-42cf-b2bf-a84a87795e24">
      <Output>
        <StdOut>Encrypting and saving file test.xml to C:\Users\Abel Briones\AppData\Local\Temp\667e67eb-236e-4e16-b138-7a89a0d51b70\xml\2026-06\039058c6f2c0cb492c533b0a4d14ef77cc0f78abccced5287d84a1a2011cfb81\test.xml
Successfully saved encrypted file test.xml to C:\Users\Abel Briones\AppData\Local\Temp\667e67eb-236e-4e16-b138-7a89a0d51b70\xml\2026-06\039058c6f2c0cb492c533b0a4d14ef77cc0f78abccced5287d84a1a2011cfb81\test.xml (31 bytes on disk)
</StdOut>
      </Output>
    </UnitTestResult>
    <UnitTestResult executionId="7d3b8d1e-644a-4258-92bd-379d27ab9233" testId="510cf1bc-772c-3768-c3a4-ae0ce2763567" testName="ExxerCube.Prisma.Tests.Infrastructure.FileStorage.FileMoverServiceTests.MoveFileAsync_SourceLocked_ReturnsFailureFromCatch" computerName="DESKTOP-FB2ES22" duration="00:00:00.0051572" startTime="2026-06-21T03:17:33.0567283+00:00" endTime="2026-06-21T03:17:33.0619405+00:00" testType="13CDC9D9-DDB5-4fa4-A97D-D965CCFC6D4B" outcome="Passed" testListId="8C84FA94-04C1-424b-9868-57A2D4851A1D" relativeResultsDirectory="7d3b8d1e-644a-4258-92bd-379d27ab9233" />
    <UnitTestResult executionId="8e45f129-7ca4-4c47-adfc-8447eb8b383b" testId="ad72f489-ebc0-a5e3-7efd-ac5cf2a27c9f" testName="ExxerCube.Prisma.Tests.Infrastructure.FileStorage.FileMoverServiceTests.MoveFileAsync_ValidFile_MovesToClassificationDirectory" computerName="DESKTOP-FB2ES22" duration="00:00:00.0070075" startTime="2026-06-21T03:17:33.0621234+00:00" endTime="2026-06-21T03:17:33.0691979+00:00" testType="13CDC9D9-DDB5-4fa4-A97D-D965CCFC6D4B" outcome="Passed" testListId="8C84FA94-04C1-424b-9868-57A2D4851A1D" relativeResultsDirectory="8e45f129-7ca4-4c47-adfc-8447eb8b383b" />
    <UnitTestResult executionId="4de1efb4-601c-495f-9178-e585a82483ce" testId="be56723b-5add-5f0e-db7e-e6b4f4c2fac1" testName="ExxerCube.Prisma.Tests.Infrastructure.FileStorage.FileMoverServiceTests.MoveFileAsync_TwoConflicts_AppendsCounter2" computerName="DESKTOP-FB2ES22" duration="00:00:00.0052388" startTime="2026-06-21T03:17:33.0694135+00:00" endTime="2026-06-21T03:17:33.0747113+00:00" testType="13CDC9D9-DDB5-4fa4-A97D-D965CCFC6D4B" outcome="Passed" testListId="8C84FA94-04C1-424b-9868-57A2D4851A1D" relativeResultsDirectory="4de1efb4-601c-495f-9178-e585a82483ce" />
    <UnitTestResult executionId="e72bd19d-9e1f-45e5-bdf7-0cb5c82ffcde" testId="83fcf2d2-2ec8-2fc1-a0aa-7f02142049d6" testName="ExxerCube.Prisma.Tests.Infrastructure.FileStorage.FileMoverServiceTests.MoveFileAsync_FileNameConflict_AppendsCounter" computerName="DESKTOP-FB2ES22" duration="00:00:00.0046453" startTime="2026-06-21T03:17:33.0749214+00:00" endTime="2026-06-21T03:17:33.0796264+00:00" testType="13CDC9D9-DDB5-4fa4-A97D-D965CCFC6D4B" outcome="Passed" testListId="8C84FA94-04C1-424b-9868-57A2D4851A1D" relativeResultsDirectory="e72bd19d-9e1f-45e5-bdf7-0cb5c82ffcde" />
    <UnitTestResult executionId="63a1d0f7-b2da-4d95-88bc-48054290af5d" testId="f5216a63-9686-c295-0ffa-63461105068a" testName="ExxerCube.Prisma.Tests.Infrastructure.FileStorage.FileMoverServiceTests.Constructor_WhitespaceBaseStoragePath_ThrowsArgumentException" computerName="DESKTOP-FB2ES22" duration="00:00:00.0016599" startTime="2026-06-21T03:17:33.0798173+00:00" endTime="2026-06-21T03:17:33.0815459+00:00" testType="13CDC9D9-DDB5-4fa4-A97D-D965CCFC6D4B" outcome="Passed" testListId="8C84FA94-04C1-424b-9868-57A2D4851A1D" relativeResultsDirectory="63a1d0f7-b2da-4d95-88bc-48054290af5d" />
    <UnitTestResult executionId="2d3fb757-2e5c-4377-a4a5-9d0969ec4c9c" testId="01e8846b-0b06-ae87-30da-0ca9c4ea601e" testName="ExxerCube.Prisma.Tests.Infrastructure.FileStorage.FileMoverServiceTests.Constructor_ValidBaseStoragePath_DoesNotThrow" computerName="DESKTOP-FB2ES22" duration="00:00:00.0033357" startTime="2026-06-21T03:17:33.0817805+00:00" endTime="2026-06-21T03:17:33.0852169+00:00" testType="13CDC9D9-DDB5-4fa4-A97D-D965CCFC6D4B" outcome="Passed" testListId="8C84FA94-04C1-424b-9868-57A2D4851A1D" relativeResultsDirectory="2d3fb757-2e5c-4377-a4a5-9d0969ec4c9c" />
    <UnitTestResult executionId="2668c2b0-b203-4317-aaa6-86bc4cb0bfb8" testId="3417bcae-9d4d-1485-ff5a-347b41038c13" testName="ExxerCube.Prisma.Tests.Infrastructure.FileStorage.FileMoverServiceTests.MoveFileAsync_NullLevel2_OmitsSubcategoryDirectory" computerName="DESKTOP-FB2ES22" duration="00:00:00.0058736" startTime="2026-06-21T03:17:33.0854689+00:00" endTime="2026-06-21T03:17:33.0913999+00:00" testType="13CDC9D9-DDB5-4fa4-A97D-D965CCFC6D4B" outcome="Passed" testListId="8C84FA94-04C1-424b-9868-57A2D4851A1D" relativeResultsDirectory="2668c2b0-b203-4317-aaa6-86bc4cb0bfb8" />
  </Results>
  <TestDefinitions>
    <UnitTest name="ExxerCube.Prisma.Tests.Infrastructure.FileStorage.SafeFileNamerServiceTests.GenerateSafeFileNameAsync_WithClassification_ReturnsSafeFileName" storage="e:\dynamic\exxercubebanamex\buildartifacts\prisma\bin\exxercube.prisma.tests.infrastructure.filestorage\net10.0\exxercube.prisma.tests.infrastructure.filestorage.dll" id="6ae658a0-de3f-14fb-d8f9-d874918f9135">
      <Execution id="ffc9adc1-a197-4c69-b6b2-1c31c285b658" />
      <TestMethod codeBase="E:\Dynamic\ExxerCubeBanamex\BuildArtifacts\Prisma\bin\ExxerCube.Prisma.Tests.Infrastructure.FileStorage\net10.0\ExxerCube.Prisma.Tests.Infrastructure.FileStorage.dll" adapterTypeName="executor://30ea7c6e-dd24-4152-a360-1387158cd41d/3.2.2" className="ExxerCube.Prisma.Tests.Infrastructure.FileStorage.SafeFileNamerServiceTests" name="ExxerCube.Prisma.Tests.Infrastructure.FileStorage.SafeFileNamerServiceTests.GenerateSafeFileNameAsync_WithClassification_ReturnsSafeFileName" />
    </UnitTest>
    <UnitTest name="ExxerCube.Prisma.Tests.Infrastructure.FileStorage.FileMoverServiceTests.MoveFileAsync_NonExistentFile_ReturnsFailure" storage="e:\dynamic\exxercubebanamex\buildartifacts\prisma\bin\exxercube.prisma.tests.infrastructure.filestorage\net10.0\exxercube.prisma.tests.infrastructure.filestorage.dll" id="17fd35ff-8740-3e1a-86cb-1a0700cb3c9c">
      <Execution id="87e9903e-65c3-4459-a3a4-8f1f68a3d2ae" />
      <TestMethod codeBase="E:\Dynamic\ExxerCubeBanamex\BuildArtifacts\Prisma\bin\ExxerCube.Prisma.Tests.Infrastructure.FileStorage\net10.0\ExxerCube.Prisma.Tests.Infrastructure.FileStorage.dll" adapterTypeName="executor://30ea7c6e-dd24-4152-a360-1387158cd41d/3.2.2" className="ExxerCube.Prisma.Tests.Infrastructure.FileStorage.FileMoverServiceTests" name="ExxerCube.Prisma.Tests.Infrastructure.FileStorage.FileMoverServiceTests.MoveFileAsync_NonExistentFile_ReturnsFailure" />
    </UnitTest>
    <UnitTest name="ExxerCube.Prisma.Tests.Infrastructure.FileStorage.FileSystemDownloadStorageAdapterEncryptionTests.ReadFileAsync_NonExistentPath_ReturnsFailureResult" storage="e:\dynamic\exxercubebanamex\buildartifacts\prisma\bin\exxercube.prisma.tests.infrastructure.filestorage\net10.0\exxercube.prisma.tests.infrastructure.filestorage.dll" id="b4b222db-65cf-e843-4d10-d1140d6b81fe">
      <Execution id="4587da96-81d9-4661-9293-c1050068b6c8" />
      <TestMethod codeBase="E:\Dynamic\ExxerCubeBanamex\BuildArtifacts\Prisma\bin\ExxerCube.Prisma.Tests.Infrastructure.FileStorage\net10.0\ExxerCube.Prisma.Tests.Infrastructure.FileStorage.dll" adapterTypeName="executor://30ea7c6e-dd24-4152-a360-1387158cd41d/3.2.2" className="ExxerCube.Prisma.Tests.Infrastructure.FileStorage.FileSystemDownloadStorageAdapterEncryptionTests" name="ExxerCube.Prisma.Tests.Infrastructure.FileStorage.FileSystemDownloadStorageAdapterEncryptionTests.ReadFileAsync_NonExistentPath_ReturnsFailureResult" />
    </UnitTest>
    <UnitTest name="ExxerCube.Prisma.Tests.Infrastructure.FileStorage.AesGcmStorageEncryptorTests.DecryptAsync_WrongKey_ReturnsFailureResult" storage="e:\dynamic\exxercubebanamex\buildartifacts\prisma\bin\exxercube.prisma.tests.infrastructure.filestorage\net10.0\exxercube.prisma.tests.infrastructure.filestorage.dll" id="f1966f71-1e7a-00fb-c86c-556a2fdd98f6">
      <Execution id="4c976590-ca51-4301-971f-6e7f91ec1d57" />
      <TestMethod codeBase="E:\Dynamic\ExxerCubeBanamex\BuildArtifacts\Prisma\bin\ExxerCube.Prisma.Tests.Infrastructure.FileStorage\net10.0\ExxerCube.Prisma.Tests.Infrastructure.FileStorage.dll" adapterTypeName="executor://30ea7c6e-dd24-4152-a360-1387158cd41d/3.2.2" className="ExxerCube.Prisma.Tests.Infrastructure.FileStorage.AesGcmStorageEncryptorTests" name="ExxerCube.Prisma.Tests.Infrastructure.FileStorage.AesGcmStorageEncryptorTests.DecryptAsync_WrongKey_ReturnsFailureResult" />
    </UnitTest>
    <UnitTest name="ExxerCube.Prisma.Tests.Infrastructure.FileStorage.FileMoverServiceTests.Constructor_EmptyBaseStoragePath_ThrowsArgumentException" storage="e:\dynamic\exxercubebanamex\buildartifacts\prisma\bin\exxercube.prisma.tests.infrastructure.filestorage\net10.0\exxercube.prisma.tests.infrastructure.filestorage.dll" id="c92e644c-774f-e391-20f7-67aeb7581362">
      <Execution id="49808546-22d4-449a-be3a-6ce9ffde2717" />
      <TestMethod codeBase="E:\Dynamic\ExxerCubeBanamex\BuildArtifacts\Prisma\bin\ExxerCube.Prisma.Tests.Infrastructure.FileStorage\net10.0\ExxerCube.Prisma.Tests.Infrastructure.FileStorage.dll" adapterTypeName="executor://30ea7c6e-dd24-4152-a360-1387158cd41d/3.2.2" className="ExxerCube.Prisma.Tests.Infrastructure.FileStorage.FileMoverServiceTests" name="ExxerCube.Prisma.Tests.Infrastructure.FileStorage.FileMoverServiceTests.Constructor_EmptyBaseStoragePath_ThrowsArgumentException" />
    </UnitTest>
    <UnitTest name="ExxerCube.Prisma.Tests.Infrastructure.FileStorage.SafeFileNamerServiceTests.GenerateSafeFileNameAsync_WithInvalidCharacters_SanitizesFileName" storage="e:\dynamic\exxercubebanamex\buildartifacts\prisma\bin\exxercube.prisma.tests.infrastructure.filestorage\net10.0\exxercube.prisma.tests.infrastructure.filestorage.dll" id="3da744bc-3027-b410-be9d-10f1290e1891">
      <Execution id="96562cbc-13a8-4fa5-b92a-f5bc9a0b4e46" />
      <TestMethod codeBase="E:\Dynamic\ExxerCubeBanamex\BuildArtifacts\Prisma\bin\ExxerCube.Prisma.Tests.Infrastructure.FileStorage\net10.0\ExxerCube.Prisma.Tests.Infrastructure.FileStorage.dll" adapterTypeName="executor://30ea7c6e-dd24-4152-a360-1387158cd41d/3.2.2" className="ExxerCube.Prisma.Tests.Infrastructure.FileStorage.SafeFileNamerServiceTests" name="ExxerCube.Prisma.Tests.Infrastructure.FileStorage.SafeFileNamerServiceTests.GenerateSafeFileNameAsync_WithInvalidCharacters_SanitizesFileName" />
    </UnitTest>
    <UnitTest name="ExxerCube.Prisma.Tests.Infrastructure.FileStorage.AesGcmStorageEncryptorTests.EncryptAsync_SamePlaintext_ProducesDifferentCiphertextEachCall" storage="e:\dynamic\exxercubebanamex\buildartifacts\prisma\bin\exxercube.prisma.tests.infrastructure.filestorage\net10.0\exxercube.prisma.tests.infrastructure.filestorage.dll" id="ef50c99f-d087-fb15-57c6-dd28de881015">
      <Execution id="804ff84c-95e5-4bf6-a5ec-8fba08f78da3" />
      <TestMethod codeBase="E:\Dynamic\ExxerCubeBanamex\BuildArtifacts\Prisma\bin\ExxerCube.Prisma.Tests.Infrastructure.FileStorage\net10.0\ExxerCube.Prisma.Tests.Infrastructure.FileStorage.dll" adapterTypeName="executor://30ea7c6e-dd24-4152-a360-1387158cd41d/3.2.2" className="ExxerCube.Prisma.Tests.Infrastructure.FileStorage.AesGcmStorageEncryptorTests" name="ExxerCube.Prisma.Tests.Infrastructure.FileStorage.AesGcmStorageEncryptorTests.EncryptAsync_SamePlaintext_ProducesDifferentCiphertextEachCall" />
    </UnitTest>
    <UnitTest name="ExxerCube.Prisma.Tests.Infrastructure.FileStorage.AesGcmStorageEncryptorTests.EncryptAsync_EmptyPurpose_ReturnsFailureResult" storage="e:\dynamic\exxercubebanamex\buildartifacts\prisma\bin\exxercube.prisma.tests.infrastructure.filestorage\net10.0\exxercube.prisma.tests.infrastructure.filestorage.dll" id="a968fe39-5363-fdca-5704-3e0d27c56b70">
      <Execution id="a8490989-71da-4cc6-8d6f-f6dd87c11593" />
      <TestMethod codeBase="E:\Dynamic\ExxerCubeBanamex\BuildArtifacts\Prisma\bin\ExxerCube.Prisma.Tests.Infrastructure.FileStorage\net10.0\ExxerCube.Prisma.Tests.Infrastructure.FileStorage.dll" adapterTypeName="executor://30ea7c6e-dd24-4152-a360-1387158cd41d/3.2.2" className="ExxerCube.Prisma.Tests.Infrastructure.FileStorage.AesGcmStorageEncryptorTests" name="ExxerCube.Prisma.Tests.Infrastructure.FileStorage.AesGcmStorageEncryptorTests.EncryptAsync_EmptyPurpose_ReturnsFailureResult" />
    </UnitTest>
    <UnitTest name="ExxerCube.Prisma.Tests.Infrastructure.FileStorage.AesGcmStorageEncryptorTests.Constructor_InvalidBase64_ThrowsInvalidOperationException" storage="e:\dynamic\exxercubebanamex\buildartifacts\prisma\bin\exxercube.prisma.tests.infrastructure.filestorage\net10.0\exxercube.prisma.tests.infrastructure.filestorage.dll" id="c1eaa6d9-702a-74ae-dc63-8c914730f1c8">
      <Execution id="57ce9db3-c101-4766-96b0-3650840925c8" />
      <TestMethod codeBase="E:\Dynamic\ExxerCubeBanamex\BuildArtifacts\Prisma\bin\ExxerCube.Prisma.Tests.Infrastructure.FileStorage\net10.0\ExxerCube.Prisma.Tests.Infrastructure.FileStorage.dll" adapterTypeName="executor://30ea7c6e-dd24-4152-a360-1387158cd41d/3.2.2" className="ExxerCube.Prisma.Tests.Infrastructure.FileStorage.AesGcmStorageEncryptorTests" name="ExxerCube.Prisma.Tests.Infrastructure.FileStorage.AesGcmStorageEncryptorTests.Constructor_InvalidBase64_ThrowsInvalidOperationException" />
    </UnitTest>
    <UnitTest name="ExxerCube.Prisma.Tests.Infrastructure.FileStorage.AesGcmStorageEncryptorTests.EncryptAsync_CancelledToken_ReturnsCancelledResult" storage="e:\dynamic\exxercubebanamex\buildartifacts\prisma\bin\exxercube.prisma.tests.infrastructure.filestorage\net10.0\exxercube.prisma.tests.infrastructure.filestorage.dll" id="2df3451f-98df-01ea-512c-4950aec8fc6f">
      <Execution id="a49bdaf2-a7e2-4305-ba84-f767cdbb1051" />
      <TestMethod codeBase="E:\Dynamic\ExxerCubeBanamex\BuildArtifacts\Prisma\bin\ExxerCube.Prisma.Tests.Infrastructure.FileStorage\net10.0\ExxerCube.Prisma.Tests.Infrastructure.FileStorage.dll" adapterTypeName="executor://30ea7c6e-dd24-4152-a360-1387158cd41d/3.2.2" className="ExxerCube.Prisma.Tests.Infrastructure.FileStorage.AesGcmStorageEncryptorTests" name="ExxerCube.Prisma.Tests.Infrastructure.FileStorage.AesGcmStorageEncryptorTests.EncryptAsync_CancelledToken_ReturnsCancelledResult" />
    </UnitTest>
    <UnitTest name="ExxerCube.Prisma.Tests.Infrastructure.FileStorage.AesGcmStorageEncryptorTests.DecryptAsync_EmptyPurpose_ReturnsFailureResult" storage="e:\dynamic\exxercubebanamex\buildartifacts\prisma\bin\exxercube.prisma.tests.infrastructure.filestorage\net10.0\exxercube.prisma.tests.infrastructure.filestorage.dll" id="eb6d220e-272c-f091-5c85-fd9f58389844">
      <Execution id="0ec8d2d1-2335-44db-b49b-bc6a42481e95" />
      <TestMethod codeBase="E:\Dynamic\ExxerCubeBanamex\BuildArtifacts\Prisma\bin\ExxerCube.Prisma.Tests.Infrastructure.FileStorage\net10.0\ExxerCube.Prisma.Tests.Infrastructure.FileStorage.dll" adapterTypeName="executor://30ea7c6e-dd24-4152-a360-1387158cd41d/3.2.2" className="ExxerCube.Prisma.Tests.Infrastructure.FileStorage.AesGcmStorageEncryptorTests" name="ExxerCube.Prisma.Tests.Infrastructure.FileStorage.AesGcmStorageEncryptorTests.DecryptAsync_EmptyPurpose_ReturnsFailureResult" />
    </UnitTest>
    <UnitTest name="ExxerCube.Prisma.Tests.Infrastructure.FileStorage.SafeFileNamerServiceTests.GenerateSafeFileNameAsync_Always_IncludesTimestamp" storage="e:\dynamic\exxercubebanamex\buildartifacts\prisma\bin\exxercube.prisma.tests.infrastructure.filestorage\net10.0\exxercube.prisma.tests.infrastructure.filestorage.dll" id="3c3411e9-4d07-7589-ef71-12f9eacb3820">
      <Execution id="83eb7caa-16ff-4e36-abc0-83713fe5914c" />
      <TestMethod codeBase="E:\Dynamic\ExxerCubeBanamex\BuildArtifacts\Prisma\bin\ExxerCube.Prisma.Tests.Infrastructure.FileStorage\net10.0\ExxerCube.Prisma.Tests.Infrastructure.FileStorage.dll" adapterTypeName="executor://30ea7c6e-dd24-4152-a360-1387158cd41d/3.2.2" className="ExxerCube.Prisma.Tests.Infrastructure.FileStorage.SafeFileNamerServiceTests" name="ExxerCube.Prisma.Tests.Infrastructure.FileStorage.SafeFileNamerServiceTests.GenerateSafeFileNameAsync_Always_IncludesTimestamp" />
    </UnitTest>
    <UnitTest name="ExxerCube.Prisma.Tests.Infrastructure.FileStorage.SafeFileNamerServiceTests.GenerateSafeFileNameAsync_ExpedienteWithWhitespace_ReplacesWithUnderscore" storage="e:\dynamic\exxercubebanamex\buildartifacts\prisma\bin\exxercube.prisma.tests.infrastructure.filestorage\net10.0\exxercube.prisma.tests.infrastructure.filestorage.dll" id="5617412e-871f-4c15-ec34-ea107d7fc2f3">
      <Execution id="126277f3-cf8e-49b6-b2a7-f29410f6f484" />
      <TestMethod codeBase="E:\Dynamic\ExxerCubeBanamex\BuildArtifacts\Prisma\bin\ExxerCube.Prisma.Tests.Infrastructure.FileStorage\net10.0\ExxerCube.Prisma.Tests.Infrastructure.FileStorage.dll" adapterTypeName="executor://30ea7c6e-dd24-4152-a360-1387158cd41d/3.2.2" className="ExxerCube.Prisma.Tests.Infrastructure.FileStorage.SafeFileNamerServiceTests" name="ExxerCube.Prisma.Tests.Infrastructure.FileStorage.SafeFileNamerServiceTests.GenerateSafeFileNameAsync_ExpedienteWithWhitespace_ReplacesWithUnderscore" />
    </UnitTest>
    <UnitTest name="ExxerCube.Prisma.Tests.Infrastructure.FileStorage.AesGcmStorageEncryptorTests.DecryptAsync_TruncatedBlob_ReturnsFailureResult" storage="e:\dynamic\exxercubebanamex\buildartifacts\prisma\bin\exxercube.prisma.tests.infrastructure.filestorage\net10.0\exxercube.prisma.tests.infrastructure.filestorage.dll" id="107ff84e-e30d-dd1f-f0c4-fa4f498d17f5">
      <Execution id="45e5d403-a8a2-4bd6-bcb1-1786be30ba48" />
      <TestMethod codeBase="E:\Dynamic\ExxerCubeBanamex\BuildArtifacts\Prisma\bin\ExxerCube.Prisma.Tests.Infrastructure.FileStorage\net10.0\ExxerCube.Prisma.Tests.Infrastructure.FileStorage.dll" adapterTypeName="executor://30ea7c6e-dd24-4152-a360-1387158cd41d/3.2.2" className="ExxerCube.Prisma.Tests.Infrastructure.FileStorage.AesGcmStorageEncryptorTests" name="ExxerCube.Prisma.Tests.Infrastructure.FileStorage.AesGcmStorageEncryptorTests.DecryptAsync_TruncatedBlob_ReturnsFailureResult" />
    </UnitTest>
    <UnitTest name="ExxerCube.Prisma.Tests.Infrastructure.FileStorage.SafeFileNamerServiceTests.GenerateSafeFileNameAsync_WithLevel2_HasExactOrderedStructure" storage="e:\dynamic\exxercubebanamex\buildartifacts\prisma\bin\exxercube.prisma.tests.infrastructure.filestorage\net10.0\exxercube.prisma.tests.infrastructure.filestorage.dll" id="30f41c6e-f142-1c07-f0c8-7830d78658f6">
      <Execution id="957998ea-ffbc-488b-8093-677a1a98c538" />
      <TestMethod codeBase="E:\Dynamic\ExxerCubeBanamex\BuildArtifacts\Prisma\bin\ExxerCube.Prisma.Tests.Infrastructure.FileStorage\net10.0\ExxerCube.Prisma.Tests.Infrastructure.FileStorage.dll" adapterTypeName="executor://30ea7c6e-dd24-4152-a360-1387158cd41d/3.2.2" className="ExxerCube.Prisma.Tests.Infrastructure.FileStorage.SafeFileNamerServiceTests" name="ExxerCube.Prisma.Tests.Infrastructure.FileStorage.SafeFileNamerServiceTests.GenerateSafeFileNameAsync_WithLevel2_HasExactOrderedStructure" />
    </UnitTest>
    <UnitTest name="ExxerCube.Prisma.Tests.Infrastructure.FileStorage.SafeFileNamerServiceTests.GenerateSafeFileNameAsync_NullLevel2_OmitsSecondComponent" storage="e:\dynamic\exxercubebanamex\buildartifacts\prisma\bin\exxercube.prisma.tests.infrastructure.filestorage\net10.0\exxercube.prisma.tests.infrastructure.filestorage.dll" id="1616c60c-3cc2-9fe8-c148-13b741bb97aa">
      <Execution id="692b54db-a816-4a61-a222-f86ff891c02d" />
      <TestMethod codeBase="E:\Dynamic\ExxerCubeBanamex\BuildArtifacts\Prisma\bin\ExxerCube.Prisma.Tests.Infrastructure.FileStorage\net10.0\ExxerCube.Prisma.Tests.Infrastructure.FileStorage.dll" adapterTypeName="executor://30ea7c6e-dd24-4152-a360-1387158cd41d/3.2.2" className="ExxerCube.Prisma.Tests.Infrastructure.FileStorage.SafeFileNamerServiceTests" name="ExxerCube.Prisma.Tests.Infrastructure.FileStorage.SafeFileNamerServiceTests.GenerateSafeFileNameAsync_NullLevel2_OmitsSecondComponent" />
    </UnitTest>
    <UnitTest name="ExxerCube.Prisma.Tests.Infrastructure.FileStorage.SafeFileNamerServiceTests.GenerateSafeFileNameAsync_EmptyExpedienteNumber_OmitsExpedienteComponent" storage="e:\dynamic\exxercubebanamex\buildartifacts\prisma\bin\exxercube.prisma.tests.infrastructure.filestorage\net10.0\exxercube.prisma.tests.infrastructure.filestorage.dll" id="73e4c8e5-2bcd-ec79-1f51-6197d0526391">
      <Execution id="0894d55a-b052-4d22-b132-0fe502c740e6" />
      <TestMethod codeBase="E:\Dynamic\ExxerCubeBanamex\BuildArtifacts\Prisma\bin\ExxerCube.Prisma.Tests.Infrastructure.FileStorage\net10.0\ExxerCube.Prisma.Tests.Infrastructure.FileStorage.dll" adapterTypeName="executor://30ea7c6e-dd24-4152-a360-1387158cd41d/3.2.2" className="ExxerCube.Prisma.Tests.Infrastructure.FileStorage.SafeFileNamerServiceTests" name="ExxerCube.Prisma.Tests.Infrastructure.FileStorage.SafeFileNamerServiceTests.GenerateSafeFileNameAsync_EmptyExpedienteNumber_OmitsExpedienteComponent" />
    </UnitTest>
    <UnitTest name="ExxerCube.Prisma.Tests.Infrastructure.FileStorage.SafeFileNamerServiceTests.GenerateSafeFileNameAsync_ShortName_NotTruncated" storage="e:\dynamic\exxercubebanamex\buildartifacts\prisma\bin\exxercube.prisma.tests.infrastructure.filestorage\net10.0\exxercube.prisma.tests.infrastructure.filestorage.dll" id="7ffd419c-f9d1-d39c-6a40-4fb5508e5154">
      <Execution id="c17b521b-7765-4192-8391-b4b5b09d9e93" />
      <TestMethod codeBase="E:\Dynamic\ExxerCubeBanamex\BuildArtifacts\Prisma\bin\ExxerCube.Prisma.Tests.Infrastructure.FileStorage\net10.0\ExxerCube.Prisma.Tests.Infrastructure.FileStorage.dll" adapterTypeName="executor://30ea7c6e-dd24-4152-a360-1387158cd41d/3.2.2" className="ExxerCube.Prisma.Tests.Infrastructure.FileStorage.SafeFileNamerServiceTests" name="ExxerCube.Prisma.Tests.Infrastructure.FileStorage.SafeFileNamerServiceTests.GenerateSafeFileNameAsync_ShortName_NotTruncated" />
    </UnitTest>
    <UnitTest name="ExxerCube.Prisma.Tests.Infrastructure.FileStorage.SafeFileNamerServiceTests.GenerateSafeFileNameAsync_PreservesOriginalExtension" storage="e:\dynamic\exxercubebanamex\buildartifacts\prisma\bin\exxercube.prisma.tests.infrastructure.filestorage\net10.0\exxercube.prisma.tests.infrastructure.filestorage.dll" id="c1603671-3440-69d8-3b32-f8e477131a56">
      <Execution id="ba0b5772-351a-4532-9d79-928420a3a573" />
      <TestMethod codeBase="E:\Dynamic\ExxerCubeBanamex\BuildArtifacts\Prisma\bin\ExxerCube.Prisma.Tests.Infrastructure.FileStorage\net10.0\ExxerCube.Prisma.Tests.Infrastructure.FileStorage.dll" adapterTypeName="executor://30ea7c6e-dd24-4152-a360-1387158cd41d/3.2.2" className="ExxerCube.Prisma.Tests.Infrastructure.FileStorage.SafeFileNamerServiceTests" name="ExxerCube.Prisma.Tests.Infrastructure.FileStorage.SafeFileNamerServiceTests.GenerateSafeFileNameAsync_PreservesOriginalExtension" />
    </UnitTest>
    <UnitTest name="ExxerCube.Prisma.Tests.Infrastructure.FileStorage.SafeFileNamerServiceTests.GenerateSafeFileNameAsync_NullLevel1_ReturnsFailureFromCatch" storage="e:\dynamic\exxercubebanamex\buildartifacts\prisma\bin\exxercube.prisma.tests.infrastructure.filestorage\net10.0\exxercube.prisma.tests.infrastructure.filestorage.dll" id="587cc6f5-d3b4-ff58-c9a0-f272e2e20b6c">
      <Execution id="de244c7a-d47e-4f14-9156-380f8ec65a6a" />
      <TestMethod codeBase="E:\Dynamic\ExxerCubeBanamex\BuildArtifacts\Prisma\bin\ExxerCube.Prisma.Tests.Infrastructure.FileStorage\net10.0\ExxerCube.Prisma.Tests.Infrastructure.FileStorage.dll" adapterTypeName="executor://30ea7c6e-dd24-4152-a360-1387158cd41d/3.2.2" className="ExxerCube.Prisma.Tests.Infrastructure.FileStorage.SafeFileNamerServiceTests" name="ExxerCube.Prisma.Tests.Infrastructure.FileStorage.SafeFileNamerServiceTests.GenerateSafeFileNameAsync_NullLevel1_ReturnsFailureFromCatch" />
    </UnitTest>
    <UnitTest name="ExxerCube.Prisma.Tests.Infrastructure.FileStorage.SafeFileNamerServiceTests.GenerateSafeFileNameAsync_ExpedienteWithInvalidChar_ReplacesWithUnderscore" storage="e:\dynamic\exxercubebanamex\buildartifacts\prisma\bin\exxercube.prisma.tests.infrastructure.filestorage\net10.0\exxercube.prisma.tests.infrastructure.filestorage.dll" id="22774690-212d-62e4-f9cf-bc09e462ebc3">
      <Execution id="30ac37a9-4e7d-43ae-9191-94dd3494d945" />
      <TestMethod codeBase="E:\Dynamic\ExxerCubeBanamex\BuildArtifacts\Prisma\bin\ExxerCube.Prisma.Tests.Infrastructure.FileStorage\net10.0\ExxerCube.Prisma.Tests.Infrastructure.FileStorage.dll" adapterTypeName="executor://30ea7c6e-dd24-4152-a360-1387158cd41d/3.2.2" className="ExxerCube.Prisma.Tests.Infrastructure.FileStorage.SafeFileNamerServiceTests" name="ExxerCube.Prisma.Tests.Infrastructure.FileStorage.SafeFileNamerServiceTests.GenerateSafeFileNameAsync_ExpedienteWithInvalidChar_ReplacesWithUnderscore" />
    </UnitTest>
    <UnitTest name="ExxerCube.Prisma.Tests.Infrastructure.FileStorage.SafeFileNamerServiceTests.GenerateSafeFileNameAsync_Level1_IsUpperCased" storage="e:\dynamic\exxercubebanamex\buildartifacts\prisma\bin\exxercube.prisma.tests.infrastructure.filestorage\net10.0\exxercube.prisma.tests.infrastructure.filestorage.dll" id="1d69b9ce-7365-317b-defb-a455eee0bb77">
      <Execution id="8170170d-ecac-48a0-9238-a6c1ceae3478" />
      <TestMethod codeBase="E:\Dynamic\ExxerCubeBanamex\BuildArtifacts\Prisma\bin\ExxerCube.Prisma.Tests.Infrastructure.FileStorage\net10.0\ExxerCube.Prisma.Tests.Infrastructure.FileStorage.dll" adapterTypeName="executor://30ea7c6e-dd24-4152-a360-1387158cd41d/3.2.2" className="ExxerCube.Prisma.Tests.Infrastructure.FileStorage.SafeFileNamerServiceTests" name="ExxerCube.Prisma.Tests.Infrastructure.FileStorage.SafeFileNamerServiceTests.GenerateSafeFileNameAsync_Level1_IsUpperCased" />
    </UnitTest>
    <UnitTest name="ExxerCube.Prisma.Tests.Infrastructure.FileStorage.SafeFileNamerServiceTests.GenerateSafeFileNameAsync_NoLevel2NoMetadata_HasExactStructure" storage="e:\dynamic\exxercubebanamex\buildartifacts\prisma\bin\exxercube.prisma.tests.infrastructure.filestorage\net10.0\exxercube.prisma.tests.infrastructure.filestorage.dll" id="be9bae5e-cd2d-29e3-b1f5-ec353494f233">
      <Execution id="11398325-cd1b-49f9-87f4-cd9635ab44f0" />
      <TestMethod codeBase="E:\Dynamic\ExxerCubeBanamex\BuildArtifacts\Prisma\bin\ExxerCube.Prisma.Tests.Infrastructure.FileStorage\net10.0\ExxerCube.Prisma.Tests.Infrastructure.FileStorage.dll" adapterTypeName="executor://30ea7c6e-dd24-4152-a360-1387158cd41d/3.2.2" className="ExxerCube.Prisma.Tests.Infrastructure.FileStorage.SafeFileNamerServiceTests" name="ExxerCube.Prisma.Tests.Infrastructure.FileStorage.SafeFileNamerServiceTests.GenerateSafeFileNameAsync_NoLevel2NoMetadata_HasExactStructure" />
    </UnitTest>
    <UnitTest name="ExxerCube.Prisma.Tests.Infrastructure.FileStorage.SafeFileNamerServiceTests.GenerateSafeFileNameAsync_WithExpediente_IncludesExpediente" storage="e:\dynamic\exxercubebanamex\buildartifacts\prisma\bin\exxercube.prisma.tests.infrastructure.filestorage\net10.0\exxercube.prisma.tests.infrastructure.filestorage.dll" id="b18c301b-8604-0df8-069b-e0db505d2a23">
      <Execution id="439534b1-7ee7-41ef-896d-28c6558ff9f0" />
      <TestMethod codeBase="E:\Dynamic\ExxerCubeBanamex\BuildArtifacts\Prisma\bin\ExxerCube.Prisma.Tests.Infrastructure.FileStorage\net10.0\ExxerCube.Prisma.Tests.Infrastructure.FileStorage.dll" adapterTypeName="executor://30ea7c6e-dd24-4152-a360-1387158cd41d/3.2.2" className="ExxerCube.Prisma.Tests.Infrastructure.FileStorage.SafeFileNamerServiceTests" name="ExxerCube.Prisma.Tests.Infrastructure.FileStorage.SafeFileNamerServiceTests.GenerateSafeFileNameAsync_WithExpediente_IncludesExpediente" />
    </UnitTest>
    <UnitTest name="ExxerCube.Prisma.Tests.Infrastructure.FileStorage.FileSystemDownloadStorageAdapterEncryptionTests.SaveFileAsync_WrittenFile_RawDiskBytesDoNotContainPlaintextPurposeString" storage="e:\dynamic\exxercubebanamex\buildartifacts\prisma\bin\exxercube.prisma.tests.infrastructure.filestorage\net10.0\exxercube.prisma.tests.infrastructure.filestorage.dll" id="12750199-3f5c-e1d0-0016-f4e991e2e39e">
      <Execution id="68e5c058-e393-4069-b36e-556a5cbcf7e6" />
      <TestMethod codeBase="E:\Dynamic\ExxerCubeBanamex\BuildArtifacts\Prisma\bin\ExxerCube.Prisma.Tests.Infrastructure.FileStorage\net10.0\ExxerCube.Prisma.Tests.Infrastructure.FileStorage.dll" adapterTypeName="executor://30ea7c6e-dd24-4152-a360-1387158cd41d/3.2.2" className="ExxerCube.Prisma.Tests.Infrastructure.FileStorage.FileSystemDownloadStorageAdapterEncryptionTests" name="ExxerCube.Prisma.Tests.Infrastructure.FileStorage.FileSystemDownloadStorageAdapterEncryptionTests.SaveFileAsync_WrittenFile_RawDiskBytesDoNotContainPlaintextPurposeString" />
    </UnitTest>
    <UnitTest name="ExxerCube.Prisma.Tests.Infrastructure.FileStorage.FileSystemDownloadStorageAdapterEncryptionTests.ReadFileAsync_WrongKey_ReturnsFailureResult" storage="e:\dynamic\exxercubebanamex\buildartifacts\prisma\bin\exxercube.prisma.tests.infrastructure.filestorage\net10.0\exxercube.prisma.tests.infrastructure.filestorage.dll" id="b368fd33-4a89-d984-5150-889e76d90947">
      <Execution id="afc40d90-bdbe-4bf1-8164-79e2677aa0a3" />
      <TestMethod codeBase="E:\Dynamic\ExxerCubeBanamex\BuildArtifacts\Prisma\bin\ExxerCube.Prisma.Tests.Infrastructure.FileStorage\net10.0\ExxerCube.Prisma.Tests.Infrastructure.FileStorage.dll" adapterTypeName="executor://30ea7c6e-dd24-4152-a360-1387158cd41d/3.2.2" className="ExxerCube.Prisma.Tests.Infrastructure.FileStorage.FileSystemDownloadStorageAdapterEncryptionTests" name="ExxerCube.Prisma.Tests.Infrastructure.FileStorage.FileSystemDownloadStorageAdapterEncryptionTests.ReadFileAsync_WrongKey_ReturnsFailureResult" />
    </UnitTest>
    <UnitTest name="ExxerCube.Prisma.Tests.Infrastructure.FileStorage.FileSystemDownloadStorageAdapterEncryptionTests.SaveFileAsync_WrittenFile_RawDiskBytesAreNotPlaintext" storage="e:\dynamic\exxercubebanamex\buildartifacts\prisma\bin\exxercube.prisma.tests.infrastructure.filestorage\net10.0\exxercube.prisma.tests.infrastructure.filestorage.dll" id="b43266c8-eb8e-0ee7-7122-4e8f66a2f2a6">
      <Execution id="1f3e2301-c32b-4347-89d7-60401ca48262" />
      <TestMethod codeBase="E:\Dynamic\ExxerCubeBanamex\BuildArtifacts\Prisma\bin\ExxerCube.Prisma.Tests.Infrastructure.FileStorage\net10.0\ExxerCube.Prisma.Tests.Infrastructure.FileStorage.dll" adapterTypeName="executor://30ea7c6e-dd24-4152-a360-1387158cd41d/3.2.2" className="ExxerCube.Prisma.Tests.Infrastructure.FileStorage.FileSystemDownloadStorageAdapterEncryptionTests" name="ExxerCube.Prisma.Tests.Infrastructure.FileStorage.FileSystemDownloadStorageAdapterEncryptionTests.SaveFileAsync_WrittenFile_RawDiskBytesAreNotPlaintext" />
    </UnitTest>
    <UnitTest name="ExxerCube.Prisma.Tests.Infrastructure.FileStorage.FileSystemDownloadStorageAdapterEncryptionTests.SaveFileAsync_WrittenFile_RawDiskBytesDoNotContainKnownPlaintextMarker" storage="e:\dynamic\exxercubebanamex\buildartifacts\prisma\bin\exxercube.prisma.tests.infrastructure.filestorage\net10.0\exxercube.prisma.tests.infrastructure.filestorage.dll" id="831fdb22-8fc4-7159-b64c-6d4839ccc105">
      <Execution id="8906b294-c9b1-4de8-af4b-3652818e5b78" />
      <TestMethod codeBase="E:\Dynamic\ExxerCubeBanamex\BuildArtifacts\Prisma\bin\ExxerCube.Prisma.Tests.Infrastructure.FileStorage\net10.0\ExxerCube.Prisma.Tests.Infrastructure.FileStorage.dll" adapterTypeName="executor://30ea7c6e-dd24-4152-a360-1387158cd41d/3.2.2" className="ExxerCube.Prisma.Tests.Infrastructure.FileStorage.FileSystemDownloadStorageAdapterEncryptionTests" name="ExxerCube.Prisma.Tests.Infrastructure.FileStorage.FileSystemDownloadStorageAdapterEncryptionTests.SaveFileAsync_WrittenFile_RawDiskBytesDoNotContainKnownPlaintextMarker" />
    </UnitTest>
    <UnitTest name="ExxerCube.Prisma.Tests.Infrastructure.FileStorage.FileSystemDownloadStorageAdapterEncryptionTests.SaveFileAsync_ValidFile_CreatesDirectoryStructure" storage="e:\dynamic\exxercubebanamex\buildartifacts\prisma\bin\exxercube.prisma.tests.infrastructure.filestorage\net10.0\exxercube.prisma.tests.infrastructure.filestorage.dll" id="75218af6-88fc-4940-e596-e9c5de4ce810">
      <Execution id="dff622fa-8735-4c14-b498-10d7485c6296" />
      <TestMethod codeBase="E:\Dynamic\ExxerCubeBanamex\BuildArtifacts\Prisma\bin\ExxerCube.Prisma.Tests.Infrastructure.FileStorage\net10.0\ExxerCube.Prisma.Tests.Infrastructure.FileStorage.dll" adapterTypeName="executor://30ea7c6e-dd24-4152-a360-1387158cd41d/3.2.2" className="ExxerCube.Prisma.Tests.Infrastructure.FileStorage.FileSystemDownloadStorageAdapterEncryptionTests" name="ExxerCube.Prisma.Tests.Infrastructure.FileStorage.FileSystemDownloadStorageAdapterEncryptionTests.SaveFileAsync_ValidFile_CreatesDirectoryStructure" />
    </UnitTest>
    <UnitTest name="ExxerCube.Prisma.Tests.Infrastructure.FileStorage.FileSystemDownloadStorageAdapterEncryptionTests.SaveFileAsync_WrittenFile_BlobIsLargerThanPlaintextByAtLeastNonceAndTagSize" storage="e:\dynamic\exxercubebanamex\buildartifacts\prisma\bin\exxercube.prisma.tests.infrastructure.filestorage\net10.0\exxercube.prisma.tests.infrastructure.filestorage.dll" id="2c3b274b-9f7c-edd4-563b-62782d4aa7ec">
      <Execution id="6700434e-add8-486f-899d-b4f95b7526d9" />
      <TestMethod codeBase="E:\Dynamic\ExxerCubeBanamex\BuildArtifacts\Prisma\bin\ExxerCube.Prisma.Tests.Infrastructure.FileStorage\net10.0\ExxerCube.Prisma.Tests.Infrastructure.FileStorage.dll" adapterTypeName="executor://30ea7c6e-dd24-4152-a360-1387158cd41d/3.2.2" className="ExxerCube.Prisma.Tests.Infrastructure.FileStorage.FileSystemDownloadStorageAdapterEncryptionTests" name="ExxerCube.Prisma.Tests.Infrastructure.FileStorage.FileSystemDownloadStorageAdapterEncryptionTests.SaveFileAsync_WrittenFile_BlobIsLargerThanPlaintextByAtLeastNonceAndTagSize" />
    </UnitTest>
    <UnitTest name="ExxerCube.Prisma.Tests.Infrastructure.FileStorage.AesGcmStorageEncryptorTests.EncryptAsync_ThenDecryptAsync_SamePurpose_ReturnsOriginalBytes" storage="e:\dynamic\exxercubebanamex\buildartifacts\prisma\bin\exxercube.prisma.tests.infrastructure.filestorage\net10.0\exxercube.prisma.tests.infrastructure.filestorage.dll" id="edee620e-af21-4397-8856-105a5df34ea5">
      <Execution id="c595fe98-d57d-4f64-a999-5475040bed58" />
      <TestMethod codeBase="E:\Dynamic\ExxerCubeBanamex\BuildArtifacts\Prisma\bin\ExxerCube.Prisma.Tests.Infrastructure.FileStorage\net10.0\ExxerCube.Prisma.Tests.Infrastructure.FileStorage.dll" adapterTypeName="executor://30ea7c6e-dd24-4152-a360-1387158cd41d/3.2.2" className="ExxerCube.Prisma.Tests.Infrastructure.FileStorage.AesGcmStorageEncryptorTests" name="ExxerCube.Prisma.Tests.Infrastructure.FileStorage.AesGcmStorageEncryptorTests.EncryptAsync_ThenDecryptAsync_SamePurpose_ReturnsOriginalBytes" />
    </UnitTest>
    <UnitTest name="ExxerCube.Prisma.Tests.Infrastructure.FileStorage.SafeFileNamerServiceTests.GenerateSafeFileNameAsync_OverlongName_TruncatedToExactly200PlusExtension" storage="e:\dynamic\exxercubebanamex\buildartifacts\prisma\bin\exxercube.prisma.tests.infrastructure.filestorage\net10.0\exxercube.prisma.tests.infrastructure.filestorage.dll" id="096ca9cd-1652-8af8-85db-216ca51ce400">
      <Execution id="fdb04e49-70c1-4d9e-aed6-165ab48dcc87" />
      <TestMethod codeBase="E:\Dynamic\ExxerCubeBanamex\BuildArtifacts\Prisma\bin\ExxerCube.Prisma.Tests.Infrastructure.FileStorage\net10.0\ExxerCube.Prisma.Tests.Infrastructure.FileStorage.dll" adapterTypeName="executor://30ea7c6e-dd24-4152-a360-1387158cd41d/3.2.2" className="ExxerCube.Prisma.Tests.Infrastructure.FileStorage.SafeFileNamerServiceTests" name="ExxerCube.Prisma.Tests.Infrastructure.FileStorage.SafeFileNamerServiceTests.GenerateSafeFileNameAsync_OverlongName_TruncatedToExactly200PlusExtension" />
    </UnitTest>
    <UnitTest name="ExxerCube.Prisma.Tests.Infrastructure.FileStorage.AesGcmStorageEncryptorTests.DecryptAsync_CancelledToken_ReturnsCancelledResult" storage="e:\dynamic\exxercubebanamex\buildartifacts\prisma\bin\exxercube.prisma.tests.infrastructure.filestorage\net10.0\exxercube.prisma.tests.infrastructure.filestorage.dll" id="b30ae809-26cb-a1eb-e165-a2fca31246c3">
      <Execution id="1c275638-4a25-4052-b472-c8aebf7c373c" />
      <TestMethod codeBase="E:\Dynamic\ExxerCubeBanamex\BuildArtifacts\Prisma\bin\ExxerCube.Prisma.Tests.Infrastructure.FileStorage\net10.0\ExxerCube.Prisma.Tests.Infrastructure.FileStorage.dll" adapterTypeName="executor://30ea7c6e-dd24-4152-a360-1387158cd41d/3.2.2" className="ExxerCube.Prisma.Tests.Infrastructure.FileStorage.AesGcmStorageEncryptorTests" name="ExxerCube.Prisma.Tests.Infrastructure.FileStorage.AesGcmStorageEncryptorTests.DecryptAsync_CancelledToken_ReturnsCancelledResult" />
    </UnitTest>
    <UnitTest name="ExxerCube.Prisma.Tests.Infrastructure.FileStorage.AesGcmStorageEncryptorTests.Constructor_KeyTooShort_ThrowsInvalidOperationException" storage="e:\dynamic\exxercubebanamex\buildartifacts\prisma\bin\exxercube.prisma.tests.infrastructure.filestorage\net10.0\exxercube.prisma.tests.infrastructure.filestorage.dll" id="90566fe7-6ecb-b024-1c6a-71b149608987">
      <Execution id="deb6dc8c-b7f8-407d-bde5-ead723e63af0" />
      <TestMethod codeBase="E:\Dynamic\ExxerCubeBanamex\BuildArtifacts\Prisma\bin\ExxerCube.Prisma.Tests.Infrastructure.FileStorage\net10.0\ExxerCube.Prisma.Tests.Infrastructure.FileStorage.dll" adapterTypeName="executor://30ea7c6e-dd24-4152-a360-1387158cd41d/3.2.2" className="ExxerCube.Prisma.Tests.Infrastructure.FileStorage.AesGcmStorageEncryptorTests" name="ExxerCube.Prisma.Tests.Infrastructure.FileStorage.AesGcmStorageEncryptorTests.Constructor_KeyTooShort_ThrowsInvalidOperationException" />
    </UnitTest>
    <UnitTest name="ExxerCube.Prisma.Tests.Infrastructure.FileStorage.SafeFileNamerServiceTests.GenerateSafeFileNameAsync_WithExpediente_HasExactOrderedStructure" storage="e:\dynamic\exxercubebanamex\buildartifacts\prisma\bin\exxercube.prisma.tests.infrastructure.filestorage\net10.0\exxercube.prisma.tests.infrastructure.filestorage.dll" id="fc340fae-53ab-f1df-944b-7532173f332f">
      <Execution id="d809bba3-0144-4737-99bb-e0b3882178ce" />
      <TestMethod codeBase="E:\Dynamic\ExxerCubeBanamex\BuildArtifacts\Prisma\bin\ExxerCube.Prisma.Tests.Infrastructure.FileStorage\net10.0\ExxerCube.Prisma.Tests.Infrastructure.FileStorage.dll" adapterTypeName="executor://30ea7c6e-dd24-4152-a360-1387158cd41d/3.2.2" className="ExxerCube.Prisma.Tests.Infrastructure.FileStorage.SafeFileNamerServiceTests" name="ExxerCube.Prisma.Tests.Infrastructure.FileStorage.SafeFileNamerServiceTests.GenerateSafeFileNameAsync_WithExpediente_HasExactOrderedStructure" />
    </UnitTest>
    <UnitTest name="ExxerCube.Prisma.Tests.Infrastructure.FileStorage.FileSystemDownloadStorageAdapterTests.SaveFileAsync_ValidFile_SavesSuccessfully" storage="e:\dynamic\exxercubebanamex\buildartifacts\prisma\bin\exxercube.prisma.tests.infrastructure.filestorage\net10.0\exxercube.prisma.tests.infrastructure.filestorage.dll" id="6e2208be-836c-d2ff-ae9e-abc95e009ca2">
      <Execution id="e5461746-2c0b-42c4-88fb-04e8a49d1ac0" />
      <TestMethod codeBase="E:\Dynamic\ExxerCubeBanamex\BuildArtifacts\Prisma\bin\ExxerCube.Prisma.Tests.Infrastructure.FileStorage\net10.0\ExxerCube.Prisma.Tests.Infrastructure.FileStorage.dll" adapterTypeName="executor://30ea7c6e-dd24-4152-a360-1387158cd41d/3.2.2" className="ExxerCube.Prisma.Tests.Infrastructure.FileStorage.FileSystemDownloadStorageAdapterTests" name="ExxerCube.Prisma.Tests.Infrastructure.FileStorage.FileSystemDownloadStorageAdapterTests.SaveFileAsync_ValidFile_SavesSuccessfully" />
    </UnitTest>
    <UnitTest name="ExxerCube.Prisma.Tests.Infrastructure.FileStorage.FileSystemDownloadStorageAdapterEncryptionTests.SaveFileAsync_ThenReadFileAsync_SamePurpose_ReturnsOriginalBytes" storage="e:\dynamic\exxercubebanamex\buildartifacts\prisma\bin\exxercube.prisma.tests.infrastructure.filestorage\net10.0\exxercube.prisma.tests.infrastructure.filestorage.dll" id="cf1c10e1-44fc-31a3-e1d4-825315525a0c">
      <Execution id="e0ad5aa8-4c4c-44fe-a309-5b34df29e7e2" />
      <TestMethod codeBase="E:\Dynamic\ExxerCubeBanamex\BuildArtifacts\Prisma\bin\ExxerCube.Prisma.Tests.Infrastructure.FileStorage\net10.0\ExxerCube.Prisma.Tests.Infrastructure.FileStorage.dll" adapterTypeName="executor://30ea7c6e-dd24-4152-a360-1387158cd41d/3.2.2" className="ExxerCube.Prisma.Tests.Infrastructure.FileStorage.FileSystemDownloadStorageAdapterEncryptionTests" name="ExxerCube.Prisma.Tests.Infrastructure.FileStorage.FileSystemDownloadStorageAdapterEncryptionTests.SaveFileAsync_ThenReadFileAsync_SamePurpose_ReturnsOriginalBytes" />
    </UnitTest>
    <UnitTest name="ExxerCube.Prisma.Tests.Infrastructure.FileStorage.SafeFileNamerServiceTests.GenerateSafeFileNameAsync_ExpedienteWithValidChars_PreservesThem" storage="e:\dynamic\exxercubebanamex\buildartifacts\prisma\bin\exxercube.prisma.tests.infrastructure.filestorage\net10.0\exxercube.prisma.tests.infrastructure.filestorage.dll" id="1cf8dacc-bfbb-1a53-441c-9ccb74d9e1b8">
      <Execution id="8bc0f07f-c745-45f3-b611-4dc80c48ff37" />
      <TestMethod codeBase="E:\Dynamic\ExxerCubeBanamex\BuildArtifacts\Prisma\bin\ExxerCube.Prisma.Tests.Infrastructure.FileStorage\net10.0\ExxerCube.Prisma.Tests.Infrastructure.FileStorage.dll" adapterTypeName="executor://30ea7c6e-dd24-4152-a360-1387158cd41d/3.2.2" className="ExxerCube.Prisma.Tests.Infrastructure.FileStorage.SafeFileNamerServiceTests" name="ExxerCube.Prisma.Tests.Infrastructure.FileStorage.SafeFileNamerServiceTests.GenerateSafeFileNameAsync_ExpedienteWithValidChars_PreservesThem" />
    </UnitTest>
    <UnitTest name="ExxerCube.Prisma.Tests.Infrastructure.FileStorage.AesGcmStorageEncryptorTests.EncryptAsync_BlobLayout_HasNonceTagAndCiphertext" storage="e:\dynamic\exxercubebanamex\buildartifacts\prisma\bin\exxercube.prisma.tests.infrastructure.filestorage\net10.0\exxercube.prisma.tests.infrastructure.filestorage.dll" id="398d322c-0481-e92b-41a7-b7250524067a">
      <Execution id="992285ea-63b2-43d6-959c-59c891f2eaf7" />
      <TestMethod codeBase="E:\Dynamic\ExxerCubeBanamex\BuildArtifacts\Prisma\bin\ExxerCube.Prisma.Tests.Infrastructure.FileStorage\net10.0\ExxerCube.Prisma.Tests.Infrastructure.FileStorage.dll" adapterTypeName="executor://30ea7c6e-dd24-4152-a360-1387158cd41d/3.2.2" className="ExxerCube.Prisma.Tests.Infrastructure.FileStorage.AesGcmStorageEncryptorTests" name="ExxerCube.Prisma.Tests.Infrastructure.FileStorage.AesGcmStorageEncryptorTests.EncryptAsync_BlobLayout_HasNonceTagAndCiphertext" />
    </UnitTest>
    <UnitTest name="ExxerCube.Prisma.Tests.Infrastructure.FileStorage.SafeFileNamerServiceTests.GenerateSafeFileNameAsync_NullExpedienteObject_OmitsExpedienteComponent" storage="e:\dynamic\exxercubebanamex\buildartifacts\prisma\bin\exxercube.prisma.tests.infrastructure.filestorage\net10.0\exxercube.prisma.tests.infrastructure.filestorage.dll" id="85d78df6-4a34-92b4-6cd0-ed25e046a741">
      <Execution id="d914b89e-be22-42fe-b3d8-cbece7866c45" />
      <TestMethod codeBase="E:\Dynamic\ExxerCubeBanamex\BuildArtifacts\Prisma\bin\ExxerCube.Prisma.Tests.Infrastructure.FileStorage\net10.0\ExxerCube.Prisma.Tests.Infrastructure.FileStorage.dll" adapterTypeName="executor://30ea7c6e-dd24-4152-a360-1387158cd41d/3.2.2" className="ExxerCube.Prisma.Tests.Infrastructure.FileStorage.SafeFileNamerServiceTests" name="ExxerCube.Prisma.Tests.Infrastructure.FileStorage.SafeFileNamerServiceTests.GenerateSafeFileNameAsync_NullExpedienteObject_OmitsExpedienteComponent" />
    </UnitTest>
    <UnitTest name="ExxerCube.Prisma.Tests.Infrastructure.FileStorage.FileMoverServiceTests.MoveFileAsync_WithLevel2_BuildsExactClassificationPath" storage="e:\dynamic\exxercubebanamex\buildartifacts\prisma\bin\exxercube.prisma.tests.infrastructure.filestorage\net10.0\exxercube.prisma.tests.infrastructure.filestorage.dll" id="a72842dc-9c28-c21f-919a-1721644164d8">
      <Execution id="e9092189-8997-4f4d-a4a1-f2f3273d08a6" />
      <TestMethod codeBase="E:\Dynamic\ExxerCubeBanamex\BuildArtifacts\Prisma\bin\ExxerCube.Prisma.Tests.Infrastructure.FileStorage\net10.0\ExxerCube.Prisma.Tests.Infrastructure.FileStorage.dll" adapterTypeName="executor://30ea7c6e-dd24-4152-a360-1387158cd41d/3.2.2" className="ExxerCube.Prisma.Tests.Infrastructure.FileStorage.FileMoverServiceTests" name="ExxerCube.Prisma.Tests.Infrastructure.FileStorage.FileMoverServiceTests.MoveFileAsync_WithLevel2_BuildsExactClassificationPath" />
    </UnitTest>
    <UnitTest name="ExxerCube.Prisma.Tests.Infrastructure.FileStorage.AesGcmStorageEncryptorTests.DecryptAsync_WrongPurpose_ReturnsFailureResult" storage="e:\dynamic\exxercubebanamex\buildartifacts\prisma\bin\exxercube.prisma.tests.infrastructure.filestorage\net10.0\exxercube.prisma.tests.infrastructure.filestorage.dll" id="1d8edde7-b61a-1178-bced-8765838bcde4">
      <Execution id="aac0eb87-bb2f-420e-a71f-f5adab97f1d0" />
      <TestMethod codeBase="E:\Dynamic\ExxerCubeBanamex\BuildArtifacts\Prisma\bin\ExxerCube.Prisma.Tests.Infrastructure.FileStorage\net10.0\ExxerCube.Prisma.Tests.Infrastructure.FileStorage.dll" adapterTypeName="executor://30ea7c6e-dd24-4152-a360-1387158cd41d/3.2.2" className="ExxerCube.Prisma.Tests.Infrastructure.FileStorage.AesGcmStorageEncryptorTests" name="ExxerCube.Prisma.Tests.Infrastructure.FileStorage.AesGcmStorageEncryptorTests.DecryptAsync_WrongPurpose_ReturnsFailureResult" />
    </UnitTest>
    <UnitTest name="ExxerCube.Prisma.Tests.Infrastructure.FileStorage.FileSystemDownloadStorageAdapterTests.GenerateStoragePath_WithChecksum_GeneratesDeterministicPath" storage="e:\dynamic\exxercubebanamex\buildartifacts\prisma\bin\exxercube.prisma.tests.infrastructure.filestorage\net10.0\exxercube.prisma.tests.infrastructure.filestorage.dll" id="8c460018-9458-a833-e09c-17a998017f45">
      <Execution id="d236a0a5-4a2a-405c-9f42-ae22a7ad5891" />
      <TestMethod codeBase="E:\Dynamic\ExxerCubeBanamex\BuildArtifacts\Prisma\bin\ExxerCube.Prisma.Tests.Infrastructure.FileStorage\net10.0\ExxerCube.Prisma.Tests.Infrastructure.FileStorage.dll" adapterTypeName="executor://30ea7c6e-dd24-4152-a360-1387158cd41d/3.2.2" className="ExxerCube.Prisma.Tests.Infrastructure.FileStorage.FileSystemDownloadStorageAdapterTests" name="ExxerCube.Prisma.Tests.Infrastructure.FileStorage.FileSystemDownloadStorageAdapterTests.GenerateStoragePath_WithChecksum_GeneratesDeterministicPath" />
    </UnitTest>
    <UnitTest name="ExxerCube.Prisma.Tests.Infrastructure.FileStorage.AesGcmStorageEncryptorTests.Constructor_MissingKey_ThrowsInvalidOperationException" storage="e:\dynamic\exxercubebanamex\buildartifacts\prisma\bin\exxercube.prisma.tests.infrastructure.filestorage\net10.0\exxercube.prisma.tests.infrastructure.filestorage.dll" id="eebba702-76bb-999a-c650-540e1ef7e621">
      <Execution id="f740360b-6c2b-4994-b7c0-0c9b8d7f4027" />
      <TestMethod codeBase="E:\Dynamic\ExxerCubeBanamex\BuildArtifacts\Prisma\bin\ExxerCube.Prisma.Tests.Infrastructure.FileStorage\net10.0\ExxerCube.Prisma.Tests.Infrastructure.FileStorage.dll" adapterTypeName="executor://30ea7c6e-dd24-4152-a360-1387158cd41d/3.2.2" className="ExxerCube.Prisma.Tests.Infrastructure.FileStorage.AesGcmStorageEncryptorTests" name="ExxerCube.Prisma.Tests.Infrastructure.FileStorage.AesGcmStorageEncryptorTests.Constructor_MissingKey_ThrowsInvalidOperationException" />
    </UnitTest>
    <UnitTest name="ExxerCube.Prisma.Tests.Infrastructure.FileStorage.FileMoverServiceTests.MoveFileAsync_NoConflict_KeepsExactName" storage="e:\dynamic\exxercubebanamex\buildartifacts\prisma\bin\exxercube.prisma.tests.infrastructure.filestorage\net10.0\exxercube.prisma.tests.infrastructure.filestorage.dll" id="dd467678-0796-c645-b1df-53282e7fea22">
      <Execution id="50f42a15-d6d9-40f8-a1df-a0540b40fbd5" />
      <TestMethod codeBase="E:\Dynamic\ExxerCubeBanamex\BuildArtifacts\Prisma\bin\ExxerCube.Prisma.Tests.Infrastructure.FileStorage\net10.0\ExxerCube.Prisma.Tests.Infrastructure.FileStorage.dll" adapterTypeName="executor://30ea7c6e-dd24-4152-a360-1387158cd41d/3.2.2" className="ExxerCube.Prisma.Tests.Infrastructure.FileStorage.FileMoverServiceTests" name="ExxerCube.Prisma.Tests.Infrastructure.FileStorage.FileMoverServiceTests.MoveFileAsync_NoConflict_KeepsExactName" />
    </UnitTest>
    <UnitTest name="ExxerCube.Prisma.Tests.Infrastructure.FileStorage.FileSystemDownloadStorageAdapterTests.SaveFileAsync_ValidFile_CreatesDirectoryStructure" storage="e:\dynamic\exxercubebanamex\buildartifacts\prisma\bin\exxercube.prisma.tests.infrastructure.filestorage\net10.0\exxercube.prisma.tests.infrastructure.filestorage.dll" id="46972281-9b20-6755-6480-24b070ffc758">
      <Execution id="eb207e41-8de1-42cf-b2bf-a84a87795e24" />
      <TestMethod codeBase="E:\Dynamic\ExxerCubeBanamex\BuildArtifacts\Prisma\bin\ExxerCube.Prisma.Tests.Infrastructure.FileStorage\net10.0\ExxerCube.Prisma.Tests.Infrastructure.FileStorage.dll" adapterTypeName="executor://30ea7c6e-dd24-4152-a360-1387158cd41d/3.2.2" className="ExxerCube.Prisma.Tests.Infrastructure.FileStorage.FileSystemDownloadStorageAdapterTests" name="ExxerCube.Prisma.Tests.Infrastructure.FileStorage.FileSystemDownloadStorageAdapterTests.SaveFileAsync_ValidFile_CreatesDirectoryStructure" />
    </UnitTest>
    <UnitTest name="ExxerCube.Prisma.Tests.Infrastructure.FileStorage.FileMoverServiceTests.MoveFileAsync_SourceLocked_ReturnsFailureFromCatch" storage="e:\dynamic\exxercubebanamex\buildartifacts\prisma\bin\exxercube.prisma.tests.infrastructure.filestorage\net10.0\exxercube.prisma.tests.infrastructure.filestorage.dll" id="510cf1bc-772c-3768-c3a4-ae0ce2763567">
      <Execution id="7d3b8d1e-644a-4258-92bd-379d27ab9233" />
      <TestMethod codeBase="E:\Dynamic\ExxerCubeBanamex\BuildArtifacts\Prisma\bin\ExxerCube.Prisma.Tests.Infrastructure.FileStorage\net10.0\ExxerCube.Prisma.Tests.Infrastructure.FileStorage.dll" adapterTypeName="executor://30ea7c6e-dd24-4152-a360-1387158cd41d/3.2.2" className="ExxerCube.Prisma.Tests.Infrastructure.FileStorage.FileMoverServiceTests" name="ExxerCube.Prisma.Tests.Infrastructure.FileStorage.FileMoverServiceTests.MoveFileAsync_SourceLocked_ReturnsFailureFromCatch" />
    </UnitTest>
    <UnitTest name="ExxerCube.Prisma.Tests.Infrastructure.FileStorage.FileMoverServiceTests.MoveFileAsync_ValidFile_MovesToClassificationDirectory" storage="e:\dynamic\exxercubebanamex\buildartifacts\prisma\bin\exxercube.prisma.tests.infrastructure.filestorage\net10.0\exxercube.prisma.tests.infrastructure.filestorage.dll" id="ad72f489-ebc0-a5e3-7efd-ac5cf2a27c9f">
      <Execution id="8e45f129-7ca4-4c47-adfc-8447eb8b383b" />
      <TestMethod codeBase="E:\Dynamic\ExxerCubeBanamex\BuildArtifacts\Prisma\bin\ExxerCube.Prisma.Tests.Infrastructure.FileStorage\net10.0\ExxerCube.Prisma.Tests.Infrastructure.FileStorage.dll" adapterTypeName="executor://30ea7c6e-dd24-4152-a360-1387158cd41d/3.2.2" className="ExxerCube.Prisma.Tests.Infrastructure.FileStorage.FileMoverServiceTests" name="ExxerCube.Prisma.Tests.Infrastructure.FileStorage.FileMoverServiceTests.MoveFileAsync_ValidFile_MovesToClassificationDirectory" />
    </UnitTest>
    <UnitTest name="ExxerCube.Prisma.Tests.Infrastructure.FileStorage.FileMoverServiceTests.MoveFileAsync_TwoConflicts_AppendsCounter2" storage="e:\dynamic\exxercubebanamex\buildartifacts\prisma\bin\exxercube.prisma.tests.infrastructure.filestorage\net10.0\exxercube.prisma.tests.infrastructure.filestorage.dll" id="be56723b-5add-5f0e-db7e-e6b4f4c2fac1">
      <Execution id="4de1efb4-601c-495f-9178-e585a82483ce" />
      <TestMethod codeBase="E:\Dynamic\ExxerCubeBanamex\BuildArtifacts\Prisma\bin\ExxerCube.Prisma.Tests.Infrastructure.FileStorage\net10.0\ExxerCube.Prisma.Tests.Infrastructure.FileStorage.dll" adapterTypeName="executor://30ea7c6e-dd24-4152-a360-1387158cd41d/3.2.2" className="ExxerCube.Prisma.Tests.Infrastructure.FileStorage.FileMoverServiceTests" name="ExxerCube.Prisma.Tests.Infrastructure.FileStorage.FileMoverServiceTests.MoveFileAsync_TwoConflicts_AppendsCounter2" />
    </UnitTest>
    <UnitTest name="ExxerCube.Prisma.Tests.Infrastructure.FileStorage.FileMoverServiceTests.MoveFileAsync_FileNameConflict_AppendsCounter" storage="e:\dynamic\exxercubebanamex\buildartifacts\prisma\bin\exxercube.prisma.tests.infrastructure.filestorage\net10.0\exxercube.prisma.tests.infrastructure.filestorage.dll" id="83fcf2d2-2ec8-2fc1-a0aa-7f02142049d6">
      <Execution id="e72bd19d-9e1f-45e5-bdf7-0cb5c82ffcde" />
      <TestMethod codeBase="E:\Dynamic\ExxerCubeBanamex\BuildArtifacts\Prisma\bin\ExxerCube.Prisma.Tests.Infrastructure.FileStorage\net10.0\ExxerCube.Prisma.Tests.Infrastructure.FileStorage.dll" adapterTypeName="executor://30ea7c6e-dd24-4152-a360-1387158cd41d/3.2.2" className="ExxerCube.Prisma.Tests.Infrastructure.FileStorage.FileMoverServiceTests" name="ExxerCube.Prisma.Tests.Infrastructure.FileStorage.FileMoverServiceTests.MoveFileAsync_FileNameConflict_AppendsCounter" />
    </UnitTest>
    <UnitTest name="ExxerCube.Prisma.Tests.Infrastructure.FileStorage.FileMoverServiceTests.Constructor_WhitespaceBaseStoragePath_ThrowsArgumentException" storage="e:\dynamic\exxercubebanamex\buildartifacts\prisma\bin\exxercube.prisma.tests.infrastructure.filestorage\net10.0\exxercube.prisma.tests.infrastructure.filestorage.dll" id="f5216a63-9686-c295-0ffa-63461105068a">
      <Execution id="63a1d0f7-b2da-4d95-88bc-48054290af5d" />
      <TestMethod codeBase="E:\Dynamic\ExxerCubeBanamex\BuildArtifacts\Prisma\bin\ExxerCube.Prisma.Tests.Infrastructure.FileStorage\net10.0\ExxerCube.Prisma.Tests.Infrastructure.FileStorage.dll" adapterTypeName="executor://30ea7c6e-dd24-4152-a360-1387158cd41d/3.2.2" className="ExxerCube.Prisma.Tests.Infrastructure.FileStorage.FileMoverServiceTests" name="ExxerCube.Prisma.Tests.Infrastructure.FileStorage.FileMoverServiceTests.Constructor_WhitespaceBaseStoragePath_ThrowsArgumentException" />
    </UnitTest>
    <UnitTest name="ExxerCube.Prisma.Tests.Infrastructure.FileStorage.FileMoverServiceTests.Constructor_ValidBaseStoragePath_DoesNotThrow" storage="e:\dynamic\exxercubebanamex\buildartifacts\prisma\bin\exxercube.prisma.tests.infrastructure.filestorage\net10.0\exxercube.prisma.tests.infrastructure.filestorage.dll" id="01e8846b-0b06-ae87-30da-0ca9c4ea601e">
      <Execution id="2d3fb757-2e5c-4377-a4a5-9d0969ec4c9c" />
      <TestMethod codeBase="E:\Dynamic\ExxerCubeBanamex\BuildArtifacts\Prisma\bin\ExxerCube.Prisma.Tests.Infrastructure.FileStorage\net10.0\ExxerCube.Prisma.Tests.Infrastructure.FileStorage.dll" adapterTypeName="executor://30ea7c6e-dd24-4152-a360-1387158cd41d/3.2.2" className="ExxerCube.Prisma.Tests.Infrastructure.FileStorage.FileMoverServiceTests" name="ExxerCube.Prisma.Tests.Infrastructure.FileStorage.FileMoverServiceTests.Constructor_ValidBaseStoragePath_DoesNotThrow" />
    </UnitTest>
    <UnitTest name="ExxerCube.Prisma.Tests.Infrastructure.FileStorage.FileMoverServiceTests.MoveFileAsync_NullLevel2_OmitsSubcategoryDirectory" storage="e:\dynamic\exxercubebanamex\buildartifacts\prisma\bin\exxercube.prisma.tests.infrastructure.filestorage\net10.0\exxercube.prisma.tests.infrastructure.filestorage.dll" id="3417bcae-9d4d-1485-ff5a-347b41038c13">
      <Execution id="2668c2b0-b203-4317-aaa6-86bc4cb0bfb8" />
      <TestMethod codeBase="E:\Dynamic\ExxerCubeBanamex\BuildArtifacts\Prisma\bin\ExxerCube.Prisma.Tests.Infrastructure.FileStorage\net10.0\ExxerCube.Prisma.Tests.Infrastructure.FileStorage.dll" adapterTypeName="executor://30ea7c6e-dd24-4152-a360-1387158cd41d/3.2.2" className="ExxerCube.Prisma.Tests.Infrastructure.FileStorage.FileMoverServiceTests" name="ExxerCube.Prisma.Tests.Infrastructure.FileStorage.FileMoverServiceTests.MoveFileAsync_NullLevel2_OmitsSubcategoryDirectory" />
    </UnitTest>
  </TestDefinitions>
  <TestEntries>
    <TestEntry testId="6ae658a0-de3f-14fb-d8f9-d874918f9135" executionId="ffc9adc1-a197-4c69-b6b2-1c31c285b658" testListId="8C84FA94-04C1-424b-9868-57A2D4851A1D" />
    <TestEntry testId="17fd35ff-8740-3e1a-86cb-1a0700cb3c9c" executionId="87e9903e-65c3-4459-a3a4-8f1f68a3d2ae" testListId="8C84FA94-04C1-424b-9868-57A2D4851A1D" />
    <TestEntry testId="b4b222db-65cf-e843-4d10-d1140d6b81fe" executionId="4587da96-81d9-4661-9293-c1050068b6c8" testListId="8C84FA94-04C1-424b-9868-57A2D4851A1D" />
    <TestEntry testId="f1966f71-1e7a-00fb-c86c-556a2fdd98f6" executionId="4c976590-ca51-4301-971f-6e7f91ec1d57" testListId="8C84FA94-04C1-424b-9868-57A2D4851A1D" />
    <TestEntry testId="c92e644c-774f-e391-20f7-67aeb7581362" executionId="49808546-22d4-449a-be3a-6ce9ffde2717" testListId="8C84FA94-04C1-424b-9868-57A2D4851A1D" />
    <TestEntry testId="3da744bc-3027-b410-be9d-10f1290e1891" executionId="96562cbc-13a8-4fa5-b92a-f5bc9a0b4e46" testListId="8C84FA94-04C1-424b-9868-57A2D4851A1D" />
    <TestEntry testId="ef50c99f-d087-fb15-57c6-dd28de881015" executionId="804ff84c-95e5-4bf6-a5ec-8fba08f78da3" testListId="8C84FA94-04C1-424b-9868-57A2D4851A1D" />
    <TestEntry testId="a968fe39-5363-fdca-5704-3e0d27c56b70" executionId="a8490989-71da-4cc6-8d6f-f6dd87c11593" testListId="8C84FA94-04C1-424b-9868-57A2D4851A1D" />
    <TestEntry testId="c1eaa6d9-702a-74ae-dc63-8c914730f1c8" executionId="57ce9db3-c101-4766-96b0-3650840925c8" testListId="8C84FA94-04C1-424b-9868-57A2D4851A1D" />
    <TestEntry testId="2df3451f-98df-01ea-512c-4950aec8fc6f" executionId="a49bdaf2-a7e2-4305-ba84-f767cdbb1051" testListId="8C84FA94-04C1-424b-9868-57A2D4851A1D" />
    <TestEntry testId="eb6d220e-272c-f091-5c85-fd9f58389844" executionId="0ec8d2d1-2335-44db-b49b-bc6a42481e95" testListId="8C84FA94-04C1-424b-9868-57A2D4851A1D" />
    <TestEntry testId="3c3411e9-4d07-7589-ef71-12f9eacb3820" executionId="83eb7caa-16ff-4e36-abc0-83713fe5914c" testListId="8C84FA94-04C1-424b-9868-57A2D4851A1D" />
    <TestEntry testId="5617412e-871f-4c15-ec34-ea107d7fc2f3" executionId="126277f3-cf8e-49b6-b2a7-f29410f6f484" testListId="8C84FA94-04C1-424b-9868-57A2D4851A1D" />
    <TestEntry testId="107ff84e-e30d-dd1f-f0c4-fa4f498d17f5" executionId="45e5d403-a8a2-4bd6-bcb1-1786be30ba48" testListId="8C84FA94-04C1-424b-9868-57A2D4851A1D" />
    <TestEntry testId="30f41c6e-f142-1c07-f0c8-7830d78658f6" executionId="957998ea-ffbc-488b-8093-677a1a98c538" testListId="8C84FA94-04C1-424b-9868-57A2D4851A1D" />
    <TestEntry testId="1616c60c-3cc2-9fe8-c148-13b741bb97aa" executionId="692b54db-a816-4a61-a222-f86ff891c02d" testListId="8C84FA94-04C1-424b-9868-57A2D4851A1D" />
    <TestEntry testId="73e4c8e5-2bcd-ec79-1f51-6197d0526391" executionId="0894d55a-b052-4d22-b132-0fe502c740e6" testListId="8C84FA94-04C1-424b-9868-57A2D4851A1D" />
    <TestEntry testId="7ffd419c-f9d1-d39c-6a40-4fb5508e5154" executionId="c17b521b-7765-4192-8391-b4b5b09d9e93" testListId="8C84FA94-04C1-424b-9868-57A2D4851A1D" />
    <TestEntry testId="c1603671-3440-69d8-3b32-f8e477131a56" executionId="ba0b5772-351a-4532-9d79-928420a3a573" testListId="8C84FA94-04C1-424b-9868-57A2D4851A1D" />
    <TestEntry testId="587cc6f5-d3b4-ff58-c9a0-f272e2e20b6c" executionId="de244c7a-d47e-4f14-9156-380f8ec65a6a" testListId="8C84FA94-04C1-424b-9868-57A2D4851A1D" />
    <TestEntry testId="22774690-212d-62e4-f9cf-bc09e462ebc3" executionId="30ac37a9-4e7d-43ae-9191-94dd3494d945" testListId="8C84FA94-04C1-424b-9868-57A2D4851A1D" />
    <TestEntry testId="1d69b9ce-7365-317b-defb-a455eee0bb77" executionId="8170170d-ecac-48a0-9238-a6c1ceae3478" testListId="8C84FA94-04C1-424b-9868-57A2D4851A1D" />
    <TestEntry testId="be9bae5e-cd2d-29e3-b1f5-ec353494f233" executionId="11398325-cd1b-49f9-87f4-cd9635ab44f0" testListId="8C84FA94-04C1-424b-9868-57A2D4851A1D" />
    <TestEntry testId="b18c301b-8604-0df8-069b-e0db505d2a23" executionId="439534b1-7ee7-41ef-896d-28c6558ff9f0" testListId="8C84FA94-04C1-424b-9868-57A2D4851A1D" />
    <TestEntry testId="12750199-3f5c-e1d0-0016-f4e991e2e39e" executionId="68e5c058-e393-4069-b36e-556a5cbcf7e6" testListId="8C84FA94-04C1-424b-9868-57A2D4851A1D" />
    <TestEntry testId="b368fd33-4a89-d984-5150-889e76d90947" executionId="afc40d90-bdbe-4bf1-8164-79e2677aa0a3" testListId="8C84FA94-04C1-424b-9868-57A2D4851A1D" />
    <TestEntry testId="b43266c8-eb8e-0ee7-7122-4e8f66a2f2a6" executionId="1f3e2301-c32b-4347-89d7-60401ca48262" testListId="8C84FA94-04C1-424b-9868-57A2D4851A1D" />
    <TestEntry testId="831fdb22-8fc4-7159-b64c-6d4839ccc105" executionId="8906b294-c9b1-4de8-af4b-3652818e5b78" testListId="8C84FA94-04C1-424b-9868-57A2D4851A1D" />
    <TestEntry testId="75218af6-88fc-4940-e596-e9c5de4ce810" executionId="dff622fa-8735-4c14-b498-10d7485c6296" testListId="8C84FA94-04C1-424b-9868-57A2D4851A1D" />
    <TestEntry testId="2c3b274b-9f7c-edd4-563b-62782d4aa7ec" executionId="6700434e-add8-486f-899d-b4f95b7526d9" testListId="8C84FA94-04C1-424b-9868-57A2D4851A1D" />
    <TestEntry testId="edee620e-af21-4397-8856-105a5df34ea5" executionId="c595fe98-d57d-4f64-a999-5475040bed58" testListId="8C84FA94-04C1-424b-9868-57A2D4851A1D" />
    <TestEntry testId="096ca9cd-1652-8af8-85db-216ca51ce400" executionId="fdb04e49-70c1-4d9e-aed6-165ab48dcc87" testListId="8C84FA94-04C1-424b-9868-57A2D4851A1D" />
    <TestEntry testId="b30ae809-26cb-a1eb-e165-a2fca31246c3" executionId="1c275638-4a25-4052-b472-c8aebf7c373c" testListId="8C84FA94-04C1-424b-9868-57A2D4851A1D" />
    <TestEntry testId="90566fe7-6ecb-b024-1c6a-71b149608987" executionId="deb6dc8c-b7f8-407d-bde5-ead723e63af0" testListId="8C84FA94-04C1-424b-9868-57A2D4851A1D" />
    <TestEntry testId="fc340fae-53ab-f1df-944b-7532173f332f" executionId="d809bba3-0144-4737-99bb-e0b3882178ce" testListId="8C84FA94-04C1-424b-9868-57A2D4851A1D" />
    <TestEntry testId="6e2208be-836c-d2ff-ae9e-abc95e009ca2" executionId="e5461746-2c0b-42c4-88fb-04e8a49d1ac0" testListId="8C84FA94-04C1-424b-9868-57A2D4851A1D" />
    <TestEntry testId="cf1c10e1-44fc-31a3-e1d4-825315525a0c" executionId="e0ad5aa8-4c4c-44fe-a309-5b34df29e7e2" testListId="8C84FA94-04C1-424b-9868-57A2D4851A1D" />
    <TestEntry testId="1cf8dacc-bfbb-1a53-441c-9ccb74d9e1b8" executionId="8bc0f07f-c745-45f3-b611-4dc80c48ff37" testListId="8C84FA94-04C1-424b-9868-57A2D4851A1D" />
    <TestEntry testId="398d322c-0481-e92b-41a7-b7250524067a" executionId="992285ea-63b2-43d6-959c-59c891f2eaf7" testListId="8C84FA94-04C1-424b-9868-57A2D4851A1D" />
    <TestEntry testId="85d78df6-4a34-92b4-6cd0-ed25e046a741" executionId="d914b89e-be22-42fe-b3d8-cbece7866c45" testListId="8C84FA94-04C1-424b-9868-57A2D4851A1D" />
    <TestEntry testId="a72842dc-9c28-c21f-919a-1721644164d8" executionId="e9092189-8997-4f4d-a4a1-f2f3273d08a6" testListId="8C84FA94-04C1-424b-9868-57A2D4851A1D" />
    <TestEntry testId="1d8edde7-b61a-1178-bced-8765838bcde4" executionId="aac0eb87-bb2f-420e-a71f-f5adab97f1d0" testListId="8C84FA94-04C1-424b-9868-57A2D4851A1D" />
    <TestEntry testId="8c460018-9458-a833-e09c-17a998017f45" executionId="d236a0a5-4a2a-405c-9f42-ae22a7ad5891" testListId="8C84FA94-04C1-424b-9868-57A2D4851A1D" />
    <TestEntry testId="eebba702-76bb-999a-c650-540e1ef7e621" executionId="f740360b-6c2b-4994-b7c0-0c9b8d7f4027" testListId="8C84FA94-04C1-424b-9868-57A2D4851A1D" />
    <TestEntry testId="dd467678-0796-c645-b1df-53282e7fea22" executionId="50f42a15-d6d9-40f8-a1df-a0540b40fbd5" testListId="8C84FA94-04C1-424b-9868-57A2D4851A1D" />
    <TestEntry testId="46972281-9b20-6755-6480-24b070ffc758" executionId="eb207e41-8de1-42cf-b2bf-a84a87795e24" testListId="8C84FA94-04C1-424b-9868-57A2D4851A1D" />
    <TestEntry testId="510cf1bc-772c-3768-c3a4-ae0ce2763567" executionId="7d3b8d1e-644a-4258-92bd-379d27ab9233" testListId="8C84FA94-04C1-424b-9868-57A2D4851A1D" />
    <TestEntry testId="ad72f489-ebc0-a5e3-7efd-ac5cf2a27c9f" executionId="8e45f129-7ca4-4c47-adfc-8447eb8b383b" testListId="8C84FA94-04C1-424b-9868-57A2D4851A1D" />
    <TestEntry testId="be56723b-5add-5f0e-db7e-e6b4f4c2fac1" executionId="4de1efb4-601c-495f-9178-e585a82483ce" testListId="8C84FA94-04C1-424b-9868-57A2D4851A1D" />
    <TestEntry testId="83fcf2d2-2ec8-2fc1-a0aa-7f02142049d6" executionId="e72bd19d-9e1f-45e5-bdf7-0cb5c82ffcde" testListId="8C84FA94-04C1-424b-9868-57A2D4851A1D" />
    <TestEntry testId="f5216a63-9686-c295-0ffa-63461105068a" executionId="63a1d0f7-b2da-4d95-88bc-48054290af5d" testListId="8C84FA94-04C1-424b-9868-57A2D4851A1D" />
    <TestEntry testId="01e8846b-0b06-ae87-30da-0ca9c4ea601e" executionId="2d3fb757-2e5c-4377-a4a5-9d0969ec4c9c" testListId="8C84FA94-04C1-424b-9868-57A2D4851A1D" />
    <TestEntry testId="3417bcae-9d4d-1485-ff5a-347b41038c13" executionId="2668c2b0-b203-4317-aaa6-86bc4cb0bfb8" testListId="8C84FA94-04C1-424b-9868-57A2D4851A1D" />
  </TestEntries>
  <TestLists>
    <TestList name="Results Not in a List" id="8C84FA94-04C1-424b-9868-57A2D4851A1D" />
    <TestList name="All Loaded Results" id="19431567-8539-422a-85d7-44ee4e166bda" />
  </TestLists>
  <ResultSummary outcome="Completed">
    <Counters total="53" executed="53" passed="53" failed="0" error="0" timeout="0" aborted="0" inconclusive="0" passedButRunAborted="0" notRunnable="0" notExecuted="0" disconnected="0" warning="0" completed="0" inProgress="0" pending="0" />
  </ResultSummary>
</TestRun>