Eval 40: [367, 275, 238, 7, 1290, 1529, 954, 994]
Eval 80: [223, 212, 191, 26, 1105, 1213, 934, 663]
Eval 40: [367, 275, 238, 7, 1290, 1529, 954, 994]
Eval 80: [451, 679, 626, 22, 1471, 1620, 1135, 1368]
Eval 120: [261, 226, 190, 28, 1400, 1314, 1141, 911]
Eval 160: [217, 213, 239, 9, 717, 927, 723, 550]
Eval 200: [222, 227, 217, 29, 956, 1015, 881, 658]
Eval 240: [137, 151, 186, 9, 556, 869, 790, 714]
Eval 280: [244, 215, 202, 26, 1162, 1393, 922, 840]
Eval 320: [221, 300, 274, 3, 926, 1232, 906, 976]
Eval 360: [234, 187, 214, 5, 702, 1047, 857, 722]
Eval 400: [382, 443, 370, 16, 1541, 1561, 1129, 1444]
Eval 440: [291, 315, 294, 4, 1225, 1447, 1026, 1086]
Eval 480: [232, 455, 475, 25, 991, 1303, 912, 1051]
Eval 520: [219, 244, 211, 57, 1466, 1365, 901, 632]
Eval 560: [184, 209, 202, 2, 788, 1076, 797, 685]
Eval 600: [218, 228, 213, 22, 1411, 1578, 1143, 943]
Eval 640: [237, 422, 461, 23, 903, 1257, 874, 898]
Eval 680: [256, 216, 201, 7, 1215, 1362, 1018, 1010]
Eval 720: [272, 347, 320, 45, 883, 1253, 1054, 878]
Eval 760: [304, 425, 375, 48, 820, 1232, 918, 874]
Eval 800: [232, 274, 232, 8, 1180, 1327, 1110, 1022]
Eval 840: [132, 142, 171, 62, 520, 694, 771, 877]
Eval 880: [251, 204, 181, 29, 1197, 1395, 998, 753]
Eval 920: [334, 378, 320, 6, 1252, 1391, 1130, 1205]
Eval 960: [263, 284, 275, 6, 638, 1141, 792, 734]
Eval 1000: [235, 199, 235, 6, 658, 852, 743, 761]
Eval 1040: [258, 217, 185, 25, 1292, 1323, 1033, 1023]
Eval 1080: [185, 199, 206, 5, 1151, 1333, 927, 859]
Eval 1120: [762, 917, 799, 33, 1526, 1729, 1127, 1466]
Eval 1160: [344, 599, 538, 21, 1128, 1499, 1119, 1113]
Eval 1200: [225, 212, 218, 21, 1142, 1285, 996, 717]
Eval 1240: [407, 583, 551, 24, 1573, 1665, 1135, 1423]
Eval 1280: [211, 224, 187, 23, 1050, 1103, 1144, 927]
Eval 1320: [416, 522, 461, 6, 1201, 1457, 1002, 1215]
Eval 1360: [205, 187, 197, 21, 1102, 1245, 945, 723]
Eval 1400: [220, 310, 266, 4, 737, 1112, 797, 789]
Eval 1440: [204, 249, 227, 4, 801, 958, 768, 627]
Eval 1480: [299, 358, 283, 10, 1361, 1545, 1132, 1224]
Eval 1520: [216, 223, 212, 50, 1154, 1335, 1053, 962]
Eval 1560: [239, 236, 206, 9, 1416, 1468, 1129, 919]
Eval 1600: [266, 356, 313, 6, 692, 1101, 835, 746]
Eval 1640: [107, 147, 158, 0, 974, 1364, 853, 620]
Eval 1680: [196, 199, 214, 10, 502, 810, 643, 556]
Eval 1720: [189, 203, 236, 6, 874, 1023, 706, 552]
Eval 1760: [237, 319, 295, 49, 828, 1033, 776, 567]
Eval 1800: [279, 352, 327, 5, 766, 1171, 865, 801]
Eval 1840: [199, 185, 181, 22, 1216, 1344, 913, 924]
Eval 1880: [160, 154, 190, 17, 617, 1071, 790, 921]
Eval 1920: [102, 113, 141, 26, 368, 771, 633, 586]
Eval 1960: [233, 204, 233, 5, 745, 900, 731, 683]
Eval 2000: [146, 201, 160, 25, 600, 859, 722, 717]
Eval 2040: [145, 205, 211, 24, 533, 874, 731, 598]
Eval 2080: [222, 170, 227, 13, 581, 1064, 781, 956]
Eval 2120: [241, 255, 241, 52, 653, 898, 692, 527]
Eval 2160: [148, 145, 165, 13, 1010, 1114, 963, 691]
Eval 2200: [213, 226, 230, 45, 833, 1057, 743, 594]
Eval 2240: [237, 227, 191, 30, 1514, 1586, 1139, 1271]
Eval 2280: [475, 737, 696, 26, 1435, 1516, 1123, 1300]
Eval 2320: [246, 253, 224, 4, 1393, 1524, 944, 971]
Eval 2360: [121, 182, 171, 3, 540, 913, 755, 762]
Eval 2400: [171, 166, 200, 14, 1091, 1301, 1001, 849]
Eval 2440: [155, 129, 188, 16, 498, 715, 669, 683]
Eval 2480: [146, 189, 202, 31, 628, 915, 727, 557]
Eval 2520: [84, 102, 132, 31, 579, 714, 600, 1287]
Eval 2560: [104, 107, 135, 27, 555, 736, 605, 545]
Eval 2600: [233, 227, 247, 6, 688, 913, 705, 614]
Eval 2640: [254, 223, 211, 22, 1172, 1333, 904, 890]
Eval 2680: [180, 201, 242, 49, 480, 780, 658, 498]
Eval 2720: [212, 221, 204, 14, 1066, 1098, 979, 696]
Eval 2760: [139, 213, 166, 6, 477, 781, 688, 591]
Eval 2800: [216, 187, 188, 21, 946, 1161, 920, 698]
Eval 2840: [150, 185, 178, 18, 401, 715, 633, 519]
Eval 2880: [228, 256, 298, 47, 770, 903, 715, 541]
Eval 2920: [124, 180, 196, 26, 567, 838, 726, 571]
Eval 2960: [209, 285, 236, 47, 1044, 958, 974, 673]
Eval 3000: [167, 162, 164, 1, 1023, 1207, 1003, 799]
Eval 3040: [101, 138, 143, 3, 577, 1040, 753, 593]
Eval 3080: [182, 152, 203, 15, 1158, 1271, 939, 747]
Eval 3120: [186, 183, 219, 54, 1073, 1267, 961, 831]
Eval 3160: [112, 155, 167, 33, 525, 940, 733, 563]
Eval 3200: [151, 184, 186, 11, 1025, 1333, 1055, 722]
Eval 3240: [152, 174, 194, 17, 579, 899, 703, 701]
Eval 3280: [78, 125, 158, 36, 514, 771, 639, 580]
Eval 3320: [200, 256, 230, 8, 766, 965, 679, 571]
Eval 3360: [80, 82, 137, 27, 436, 859, 672, 500]
Eval 3400: [228, 174, 180, 5, 1268, 1263, 1020, 706]
Eval 3440: [155, 165, 173, 28, 1181, 1334, 914, 963]
Eval 3480: [227, 213, 218, 3, 1182, 1427, 944, 805]
Eval 3520: [210, 223, 197, 2, 1021, 1109, 956, 807]
Eval 3560: [132, 130, 166, 35, 836, 1259, 958, 722]
Eval 3600: [285, 318, 278, 5, 1246, 1434, 1125, 1106]
Eval 3640: [153, 192, 209, 15, 1053, 1029, 1026, 725]
Eval 3680: [122, 159, 167, 52, 471, 704, 590, 681]
Eval 3720: [136, 134, 149, 39, 602, 1186, 864, 601]
Eval 3760: [106, 167, 220, 18, 572, 812, 639, 587]
Eval 3800: [132, 150, 196, 5, 615, 897, 697, 553]
Eval 3840: [135, 153, 180, 16, 510, 877, 715, 572]
Eval 3880: [112, 110, 159, 42, 483, 707, 740, 616]
Eval 3920: [231, 230, 202, 24, 1103, 1281, 1025, 782]
Eval 3960: [186, 196, 238, 7, 650, 870, 670, 473]
Eval 4000: [156, 157, 167, 2, 1071, 1302, 877, 768]
Eval 4040: [183, 202, 227, 8, 545, 867, 661, 450]
Eval 4080: [123, 165, 154, 57, 510, 742, 567, 602]
Eval 4120: [87, 139, 161, 32, 555, 938, 741, 512]
Eval 4160: [244, 217, 212, 4, 1067, 1152, 953, 747]
Eval 4200: [141, 107, 176, 26, 697, 984, 863, 691]
Eval 4240: [98, 121, 175, 14, 533, 843, 635, 642]
Eval 4280: [144, 143, 208, 6, 649, 1026, 782, 752]
Eval 4320: [148, 171, 179, 2, 1016, 1267, 859, 723]
Eval 4360: [139, 126, 194, 19, 541, 695, 792, 741]
Eval 4400: [172, 159, 156, 1, 1121, 1330, 1115, 818]
Eval 4440: [84, 103, 125, 26, 526, 795, 657, 610]
Eval 4480: [133, 151, 179, 4, 599, 814, 674, 527]
Eval 4520: [219, 194, 250, 8, 1252, 1259, 895, 793]
Eval 4560: [121, 140, 140, 0, 929, 1203, 893, 1246]
Eval 4600: [96, 109, 135, 30, 576, 700, 678, 1291]
Eval 4640: [161, 168, 194, 2, 691, 1038, 822, 684]
Eval 4680: [99, 118, 172, 8, 494, 742, 661, 533]
Eval 4720: [172, 159, 235, 15, 485, 838, 673, 468]
Eval 4760: [263, 222, 209, 5, 1154, 1319, 1060, 751]
Eval 4800: [184, 209, 202, 2, 788, 1076, 797, 685]
Eval 4840: [92, 120, 218, 14, 424, 721, 600, 473]
Eval 4880: [125, 143, 195, 47, 612, 639, 755, 720]
Eval 4920: [217, 228, 246, 5, 1303, 1424, 920, 1187]
Eval 4960: [104, 120, 136, 20, 429, 686, 655, 604]
Eval 5000: [93, 110, 125, 23, 398, 780, 660, 595]
Eval 5040: [226, 179, 233, 14, 644, 1028, 858, 784]
Eval 5080: [113, 102, 136, 0, 882, 1048, 1063, 1181]
Eval 5120: [129, 133, 173, 0, 1044, 1212, 827, 679]
Eval 5160: [162, 181, 179, 8, 455, 800, 627, 532]
Eval 5200: [232, 310, 263, 6, 750, 997, 745, 576]
Eval 5240: [159, 142, 219, 25, 431, 719, 673, 505]
Eval 5280: [139, 168, 172, 3, 925, 1312, 920, 605]
Eval 5320: [110, 115, 125, 11, 683, 1072, 864, 821]
Eval 5360: [91, 99, 107, 3, 614, 1043, 846, 1287]
Eval 5400: [124, 136, 158, 28, 471, 874, 670, 586]
Eval 5440: [100, 97, 97, 15, 472, 777, 734, 1398]
Eval 5480: [194, 188, 227, 9, 531, 826, 729, 577]
Eval 5520: [130, 158, 151, 0, 1062, 1302, 993, 1205]
Eval 5560: [114, 139, 199, 16, 492, 726, 659, 631]
Eval 5600: [116, 128, 158, 25, 616, 903, 796, 632]
Eval 5640: [167, 191, 219, 16, 457, 775, 640, 594]
Eval 5680: [110, 129, 161, 7, 682, 1219, 880, 794]
Eval 5720: [141, 134, 193, 49, 520, 756, 765, 668]
Eval 5760: [169, 112, 155, 1, 906, 1020, 869, 644]
Eval 5800: [156, 166, 154, 15, 1028, 1121, 892, 795]
Eval 5840: [123, 158, 174, 0, 674, 1038, 842, 890]
Eval 5880: [74, 76, 102, 27, 589, 752, 750, 1367]
Eval 5920: [228, 209, 236, 3, 1115, 1242, 945, 959]
Eval 5960: [99, 128, 145, 52, 478, 771, 674, 629]
Eval 6000: [128, 120, 155, 50, 480, 631, 551, 658]
Eval 6040: [91, 93, 106, 13, 575, 930, 720, 1274]
Eval 6080: [121, 140, 191, 9, 498, 786, 682, 593]
Eval 6120: [99, 109, 133, 32, 359, 759, 645, 586]
Eval 6160: [115, 132, 141, 12, 1017, 1303, 892, 741]
Eval 6200: [114, 135, 179, 33, 473, 706, 666, 566]
Eval 6240: [154, 144, 160, 2, 928, 1025, 945, 777]
Eval 6280: [153, 175, 223, 50, 466, 790, 648, 531]
Eval 6320: [109, 148, 220, 71, 515, 687, 593, 617]
Eval 6360: [111, 130, 160, 57, 480, 641, 544, 634]
Eval 6400: [94, 94, 95, 0, 688, 1097, 1029, 829]
Eval 6440: [168, 138, 157, 7, 492, 1007, 750, 611]
Eval 6480: [184, 177, 209, 13, 552, 901, 630, 540]
Eval 6520: [224, 200, 218, 21, 1431, 1457, 992, 880]
Eval 6560: [127, 164, 165, 25, 476, 627, 562, 597]
Eval 6600: [80, 86, 119, 36, 531, 813, 662, 713]
Eval 6640: [93, 97, 86, 0, 589, 994, 883, 1367]
Eval 6680: [145, 144, 141, 20, 1010, 1164, 912, 714]
Eval 6720: [158, 112, 156, 6, 1149, 1032, 910, 702]
Eval 6760: [158, 129, 163, 18, 1067, 1161, 817, 844]
Eval 6800: [83, 105, 120, 4, 1046, 972, 833, 800]
Eval 6840: [104, 123, 159, 48, 418, 752, 622, 483]
Eval 6880: [107, 143, 141, 2, 1058, 1343, 873, 607]
Eval 6920: [136, 119, 178, 25, 639, 866, 910, 613]
Eval 6960: [202, 125, 187, 48, 550, 783, 651, 688]
Eval 7000: [81, 64, 131, 27, 558, 627, 633, 1518]
Eval 7040: [110, 130, 168, 48, 406, 855, 676, 512]
Eval 7080: [81, 95, 106, 10, 660, 1070, 947, 876]
Eval 7120: [110, 111, 130, 10, 360, 815, 627, 626]
Eval 7160: [85, 99, 114, 37, 603, 894, 709, 628]
Eval 7200: [131, 153, 182, 1, 1012, 1250, 872, 851]
Eval 7240: [113, 140, 169, 0, 970, 1252, 835, 740]
Eval 7280: [90, 122, 135, 42, 479, 742, 549, 1253]
Eval 7320: [98, 116, 166, 28, 532, 846, 720, 674]
Eval 7360: [86, 97, 132, 4, 685, 994, 817, 893]
Eval 7400: [84, 109, 129, 0, 723, 1047, 833, 1010]
Eval 7440: [109, 106, 141, 25, 535, 803, 704, 1391]
Eval 7480: [85, 109, 129, 27, 553, 731, 578, 553]
Eval 7520: [105, 144, 166, 18, 434, 718, 669, 636]
Eval 7560: [96, 92, 89, 1, 523, 734, 657, 1418]
Eval 7600: [83, 63, 129, 37, 553, 636, 607, 1531]
Eval 7640: [152, 201, 191, 48, 465, 770, 652, 434]
Eval 7680: [149, 203, 186, 46, 417, 795, 653, 543]
Eval 7720: [131, 156, 194, 4, 563, 878, 893, 868]
Eval 7760: [124, 163, 145, 2, 1004, 1290, 854, 703]
Eval 7800: [122, 161, 186, 5, 1135, 1392, 899, 705]
Eval 7840: [204, 188, 185, 9, 882, 1127, 890, 766]
Eval 7880: [153, 148, 220, 62, 450, 756, 722, 429]
Eval 7920: [98, 131, 168, 23, 428, 767, 655, 528]
Eval 7960: [79, 85, 115, 4, 614, 911, 865, 1218]
Eval 8000: [107, 143, 141, 2, 1058, 1343, 873, 607]
Eval 8040: [138, 125, 138, 14, 964, 1330, 864, 793]
Eval 8080: [86, 92, 106, 1, 519, 941, 817, 1380]
Eval 8120: [104, 123, 200, 52, 505, 699, 592, 645]
Eval 8160: [94, 117, 132, 12, 627, 1072, 822, 819]
Eval 8200: [199, 188, 185, 1, 1001, 1023, 1120, 543]
Eval 8240: [114, 164, 143, 1, 701, 1107, 838, 756]
Eval 8280: [167, 207, 192, 2, 1331, 1470, 956, 865]
Eval 8320: [212, 192, 225, 9, 565, 852, 668, 440]
Eval 8360: [119, 198, 196, 18, 397, 741, 666, 465]
Eval 8400: [256, 245, 212, 18, 1232, 1373, 1131, 778]
Eval 8440: [144, 165, 161, 1, 1053, 1037, 1041, 754]
Eval 8480: [84, 108, 105, 2, 676, 1087, 986, 1059]
Eval 8520: [109, 125, 145, 14, 456, 732, 620, 574]
Eval 8560: [93, 54, 98, 34, 459, 752, 665, 1322]
Eval 8600: [125, 159, 154, 2, 1008, 1230, 878, 747]
Eval 8640: [71, 81, 107, 14, 533, 864, 755, 1462]
Eval 8680: [93, 110, 125, 23, 398, 780, 660, 595]
Eval 8720: [96, 109, 136, 8, 402, 829, 641, 591]
Eval 8760: [75, 118, 116, 43, 517, 693, 517, 624]
Eval 8800: [150, 149, 211, 62, 440, 731, 640, 445]
Eval 8840: [182, 159, 251, 9, 500, 863, 697, 460]
Eval 8880: [244, 172, 203, 11, 590, 945, 672, 462]
Eval 8920: [84, 81, 110, 14, 518, 708, 636, 1273]
Eval 8960: [162, 169, 179, 57, 565, 926, 837, 840]
Eval 9000: [94, 130, 162, 2, 998, 1064, 970, 666]
Eval 9040: [145, 105, 126, 3, 499, 915, 739, 1298]
Eval 9080: [124, 162, 146, 2, 1005, 1236, 836, 656]
Eval 9120: [94, 80, 104, 12, 502, 759, 662, 598]
Eval 9160: [160, 196, 227, 15, 631, 876, 620, 528]
Eval 9200: [90, 117, 141, 16, 1061, 1108, 854, 824]
Eval 9240: [184, 188, 244, 9, 481, 820, 641, 441]
Eval 9280: [119, 140, 208, 25, 447, 774, 584, 615]
Eval 9320: [102, 92, 159, 29, 400, 726, 633, 460]
Eval 9360: [155, 186, 180, 0, 827, 967, 809, 666]
Eval 9400: [100, 78, 122, 42, 504, 684, 639, 1439]
Eval 9440: [191, 177, 191, 1, 926, 1107, 846, 800]
Eval 9480: [113, 112, 166, 56, 505, 740, 632, 558]
Eval 9520: [193, 160, 227, 13, 487, 835, 655, 461]
Eval 9560: [102, 84, 144, 39, 469, 690, 613, 709]
Eval 9600: [184, 190, 232, 11, 661, 911, 682, 450]
Eval 9640: [117, 124, 108, 2, 635, 993, 791, 862]
Eval 9680: [148, 179, 214, 11, 492, 783, 654, 436]
Eval 9720: [177, 193, 198, 5, 432, 820, 702, 562]
Eval 9760: [149, 164, 209, 19, 891, 949, 754, 935]
Eval 9800: [84, 69, 128, 37, 500, 679, 661, 1317]
Eval 9840: [181, 195, 175, 1, 1014, 1049, 919, 522]
Eval 9880: [164, 162, 237, 12, 510, 798, 717, 465]
Eval 9920: [98, 96, 132, 4, 392, 781, 663, 609]
Eval 9960: [85, 110, 114, 26, 482, 710, 715, 537]
Eval 10000: [174, 175, 173, 2, 872, 930, 829, 1188]
Eval 10040: [110, 125, 170, 50, 434, 856, 678, 499]
Eval 10080: [109, 95, 111, 14, 604, 758, 587, 666]
Eval 10120: [120, 138, 167, 4, 508, 891, 624, 589]
Eval 10160: [117, 131, 194, 23, 462, 590, 542, 664]
Eval 10200: [189, 202, 187, 0, 855, 1066, 849, 531]
Eval 10240: [70, 77, 126, 35, 604, 666, 724, 1493]
Eval 10280: [236, 215, 250, 8, 648, 901, 686, 478]
Eval 10320: [136, 168, 168, 3, 878, 1311, 909, 635]
Eval 10360: [58, 66, 110, 14, 527, 661, 694, 665]
Eval 10400: [278, 220, 188, 1, 1008, 983, 974, 553]
Eval 10440: [192, 215, 177, 1, 936, 1047, 872, 863]
Eval 10480: [98, 124, 172, 20, 498, 657, 667, 586]
Eval 10520: [183, 183, 190, 1, 989, 1149, 905, 752]
Eval 10560: [197, 198, 185, 1, 954, 1048, 977, 501]
Eval 10600: [81, 114, 129, 34, 464, 864, 677, 646]
Eval 10640: [149, 100, 132, 3, 465, 957, 723, 533]
Eval 10680: [204, 203, 194, 4, 867, 1094, 855, 468]
Eval 10720: [115, 122, 169, 34, 472, 653, 555, 605]
Eval 10760: [83, 116, 136, 28, 473, 752, 665, 591]
Eval 10800: [201, 186, 214, 6, 492, 898, 698, 447]
Eval 10840: [135, 154, 165, 9, 494, 760, 732, 646]
Eval 10880: [123, 145, 145, 2, 945, 1232, 870, 735]
Eval 10920: [97, 94, 100, 0, 703, 1143, 857, 898]
Eval 10960: [182, 184, 183, 28, 1206, 1394, 934, 744]
Eval 11000: [149, 74, 117, 13, 492, 742, 615, 734]
Eval 11040: [186, 175, 232, 11, 602, 952, 687, 480]
Eval 11080: [80, 131, 128, 3, 779, 1006, 875, 595]
Eval 11120: [242, 233, 232, 10, 618, 928, 682, 475]
Eval 11160: [140, 154, 183, 14, 961, 1356, 855, 540]
Eval 11200: [111, 150, 169, 8, 449, 636, 605, 656]
Eval 11240: [116, 70, 132, 24, 520, 647, 655, 604]
Eval 11280: [172, 188, 169, 2, 1033, 1154, 899, 758]
Eval 11320: [128, 172, 144, 2, 889, 1269, 840, 630]
Eval 11360: [124, 115, 163, 56, 491, 698, 614, 540]
Eval 11400: [161, 192, 196, 6, 456, 783, 682, 532]
Eval 11440: [187, 210, 233, 24, 503, 910, 715, 601]
Eval 11480: [86, 93, 108, 1, 668, 925, 890, 750]
Eval 11520: [159, 161, 172, 11, 1260, 1278, 1039, 841]
Eval 11560: [185, 203, 183, 4, 944, 1042, 975, 504]
Eval 11600: [189, 224, 223, 9, 483, 829, 700, 484]
Eval 11640: [79, 92, 154, 8, 419, 708, 635, 652]
Eval 11680: [109, 148, 144, 0, 974, 1373, 855, 605]
Eval 11720: [181, 151, 180, 7, 491, 823, 658, 555]
Eval 11760: [171, 164, 206, 14, 485, 804, 675, 420]
Eval 11800: [95, 82, 86, 18, 599, 961, 715, 1302]
Eval 11840: [63, 91, 109, 14, 521, 661, 697, 650]
Eval 11880: [198, 212, 186, 1, 937, 1143, 956, 477]
Eval 11920: [151, 170, 227, 11, 531, 843, 697, 377]
Eval 11960: [184, 203, 204, 4, 1058, 1235, 936, 736]
Eval 12000: [119, 128, 155, 18, 518, 712, 698, 655]
Eval 12040: [130, 159, 192, 4, 441, 765, 627, 595]
Eval 12080: [82, 111, 119, 18, 685, 1121, 800, 781]
Eval 12120: [118, 139, 180, 12, 1007, 1099, 852, 637]
Eval 12160: [140, 187, 179, 60, 455, 763, 668, 401]
Eval 12200: [154, 170, 179, 12, 833, 904, 868, 1155]
Eval 12240: [152, 165, 176, 6, 456, 831, 684, 547]
Eval 12280: [112, 119, 100, 4, 740, 1111, 977, 1287]
Eval 12320: [125, 165, 166, 2, 1039, 1234, 831, 551]
Eval 12360: [132, 140, 176, 4, 495, 802, 630, 597]
Eval 12400: [133, 147, 186, 13, 399, 742, 652, 505]
Eval 12440: [100, 61, 139, 28, 556, 666, 633, 609]
Eval 12480: [95, 63, 92, 28, 505, 662, 603, 1373]
Eval 12520: [89, 63, 112, 15, 537, 649, 623, 1503]
Eval 12560: [121, 163, 182, 5, 1029, 1124, 817, 703]
Eval 12600: [218, 219, 220, 6, 1117, 1129, 943, 873]
Eval 12640: [77, 106, 138, 39, 532, 743, 662, 557]
Eval 12680: [190, 203, 186, 3, 941, 1045, 1122, 460]
Eval 12720: [159, 141, 158, 14, 1105, 1294, 909, 722]
Eval 12760: [103, 148, 141, 3, 1064, 1393, 877, 635]
Eval 12800: [176, 158, 252, 6, 496, 839, 693, 479]
Eval 12840: [214, 223, 194, 2, 935, 1146, 850, 480]
Eval 12880: [75, 98, 137, 10, 534, 759, 610, 670]
Eval 12920: [92, 91, 92, 1, 524, 794, 762, 1416]
Eval 12960: [114, 178, 200, 48, 463, 658, 529, 710]
Eval 13000: [134, 193, 195, 5, 467, 788, 646, 563]
Eval 13040: [133, 160, 183, 9, 457, 763, 666, 537]
Eval 13080: [139, 158, 188, 12, 904, 1018, 819, 741]
Eval 13120: [84, 102, 157, 29, 427, 677, 648, 656]
Eval 13160: [80, 64, 133, 24, 514, 761, 594, 1305]
Eval 13200: [133, 157, 187, 51, 395, 734, 674, 456]
Eval 13240: [113, 100, 119, 21, 352, 791, 634, 592]
Eval 13280: [105, 80, 105, 17, 562, 1043, 752, 759]
Eval 13320: [80, 89, 108, 0, 667, 974, 918, 897]
Eval 13360: [170, 184, 214, 14, 490, 819, 683, 431]
Eval 13400: [90, 122, 135, 42, 479, 742, 549, 1253]
Eval 13440: [131, 133, 164, 2, 1061, 1207, 827, 950]
Eval 13480: [232, 235, 237, 4, 1417, 1446, 952, 1111]
Eval 13520: [80, 89, 111, 3, 751, 1030, 775, 864]
Eval 13560: [101, 130, 164, 20, 509, 723, 538, 599]
Eval 13600: [86, 89, 98, 16, 673, 1104, 867, 871]
Eval 13640: [107, 119, 146, 4, 413, 855, 667, 561]
Eval 13680: [101, 117, 110, 1, 504, 872, 725, 524]
Eval 13720: [108, 118, 168, 72, 514, 619, 547, 662]
Eval 13760: [128, 125, 174, 23, 496, 598, 581, 650]
Eval 13800: [79, 81, 94, 20, 546, 948, 785, 1346]
Eval 13840: [80, 116, 119, 2, 744, 1102, 813, 1162]
Eval 13880: [109, 133, 137, 54, 499, 660, 558, 614]
Eval 13920: [103, 117, 138, 16, 620, 631, 573, 645]
Eval 13960: [110, 145, 175, 0, 852, 1176, 841, 725]
Eval 14000: [111, 149, 140, 0, 974, 1373, 855, 606]
Eval 14040: [84, 141, 142, 4, 716, 1028, 829, 1083]
Eval 14080: [118, 92, 130, 18, 448, 757, 683, 625]
Eval 14120: [80, 51, 94, 32, 443, 734, 639, 570]
Eval 14160: [203, 199, 179, 0, 889, 1070, 881, 541]
Eval 14200: [129, 148, 182, 48, 430, 729, 690, 416]
Eval 14240: [83, 63, 129, 37, 553, 636, 607, 1531]
Eval 14280: [87, 120, 118, 1, 613, 963, 736, 1027]
Eval 14320: [246, 204, 186, 1, 887, 1055, 851, 543]
Eval 14360: [114, 216, 191, 10, 476, 775, 685, 603]
Eval 14400: [218, 246, 219, 11, 1070, 1425, 1081, 625]
Eval 14440: [279, 237, 242, 5, 1190, 1491, 1126, 863]
Eval 14480: [80, 85, 102, 40, 617, 949, 801, 705]
Eval 14520: [149, 176, 180, 60, 465, 740, 672, 412]
Eval 14560: [94, 114, 171, 44, 479, 653, 649, 649]
Eval 14600: [117, 130, 201, 48, 444, 744, 626, 645]
Eval 14640: [115, 121, 127, 30, 593, 713, 675, 630]
Eval 14680: [184, 123, 177, 13, 477, 768, 659, 594]
Eval 14720: [68, 102, 99, 3, 700, 928, 774, 1362]
Eval 14760: [75, 52, 97, 36, 550, 762, 711, 708]
Eval 14800: [166, 165, 201, 13, 594, 834, 710, 530]
Eval 14840: [160, 151, 193, 8, 625, 924, 800, 718]
Eval 14880: [232, 202, 196, 50, 696, 946, 1016, 943]
Eval 14920: [98, 105, 124, 0, 626, 1037, 820, 830]
Eval 14960: [124, 173, 164, 32, 439, 757, 679, 511]
Eval 15000: [94, 94, 95, 0, 688, 1097, 1029, 829]
Eval 15040: [166, 217, 244, 10, 502, 830, 695, 476]
Eval 15080: [83, 51, 90, 36, 516, 779, 581, 658]
Eval 15120: [117, 138, 167, 63, 563, 686, 468, 679]
Eval 15160: [186, 206, 202, 26, 1450, 1464, 935, 821]
Eval 15200: [221, 199, 231, 13, 807, 1173, 832, 803]
Eval 15240: [210, 137, 194, 56, 578, 760, 688, 562]
Eval 15280: [95, 89, 129, 25, 542, 659, 650, 1291]
Eval 15320: [195, 156, 229, 14, 496, 820, 667, 461]
Eval 15360: [207, 206, 187, 3, 963, 1056, 912, 503]
Eval 15400: [88, 135, 201, 22, 462, 654, 516, 536]
Eval 15440: [74, 112, 148, 11, 921, 1066, 870, 852]
Eval 15480: [129, 139, 167, 0, 1052, 1274, 836, 704]
Eval 15520: [144, 202, 178, 60, 447, 755, 684, 393]
Eval 15560: [145, 173, 161, 10, 1125, 1168, 763, 1028]
Eval 15600: [134, 155, 188, 0, 1227, 1359, 894, 629]
Eval 15640: [151, 141, 157, 22, 472, 735, 543, 570]
Eval 15680: [172, 174, 222, 12, 445, 741, 688, 484]
Eval 15720: [83, 134, 151, 0, 740, 987, 847, 894]
Eval 15760: [111, 149, 140, 0, 974, 1373, 855, 606]
Eval 15800: [98, 96, 130, 23, 367, 720, 604, 593]
Eval 15840: [119, 148, 188, 48, 444, 704, 643, 494]
Eval 15880: [118, 139, 179, 49, 408, 708, 658, 537]
Eval 15920: [203, 206, 210, 6, 1083, 1190, 864, 784]
Eval 15960: [91, 95, 111, 1, 658, 984, 798, 1316]
Eval 16000: [90, 55, 94, 39, 537, 766, 616, 587]
Eval 16040: [85, 82, 100, 12, 586, 934, 719, 733]
Eval 16080: [157, 173, 191, 10, 468, 732, 654, 581]
Eval 16120: [124, 138, 160, 2, 896, 1072, 825, 762]
Eval 16160: [80, 95, 115, 1, 622, 1036, 877, 1425]
Eval 16200: [115, 177, 167, 2, 922, 1350, 883, 741]
Eval 16240: [151, 170, 227, 11, 531, 843, 697, 377]
Eval 16280: [92, 88, 122, 6, 393, 741, 622, 571]
Eval 16320: [182, 166, 185, 28, 890, 1112, 1097, 745]
Eval 16360: [78, 80, 86, 1, 579, 970, 809, 703]
Eval 16400: [72, 98, 91, 0, 601, 960, 877, 1297]
Eval 16440: [253, 241, 215, 4, 1192, 1385, 1131, 833]
Eval 16480: [111, 146, 194, 48, 407, 727, 628, 522]
Eval 16520: [283, 211, 181, 3, 986, 1060, 919, 550]
Eval 16560: [104, 111, 176, 27, 609, 826, 738, 726]
Eval 16600: [254, 226, 202, 27, 1115, 1315, 972, 740]
Eval 16640: [93, 88, 121, 14, 412, 714, 599, 544]
Eval 16680: [83, 120, 130, 39, 494, 650, 681, 581]
Eval 16720: [92, 51, 99, 36, 532, 793, 668, 1388]
Eval 16760: [78, 83, 92, 23, 648, 1069, 821, 1389]
Eval 16800: [120, 129, 182, 73, 491, 685, 546, 598]
Eval 16840: [210, 180, 234, 8, 504, 853, 671, 516]
Eval 16880: [79, 111, 110, 14, 637, 742, 849, 682]
Eval 16920: [181, 226, 221, 7, 467, 849, 682, 468]
Eval 16960: [124, 153, 188, 0, 882, 1231, 910, 770]
Eval 17000: [87, 98, 104, 30, 527, 797, 641, 1269]
Eval 17040: [234, 250, 211, 7, 1242, 1318, 999, 828]
Eval 17080: [180, 156, 162, 11, 970, 1390, 1072, 593]
Eval 17120: [179, 170, 186, 50, 501, 807, 674, 558]
Eval 17160: [106, 96, 190, 38, 517, 773, 644, 708]
Eval 17200: [110, 137, 170, 2, 1077, 1373, 896, 763]
Eval 17240: [74, 87, 130, 16, 560, 780, 612, 673]
Eval 17280: [86, 67, 85, 37, 522, 770, 646, 669]
Eval 17320: [151, 177, 156, 11, 849, 908, 786, 646]
Eval 17360: [150, 167, 212, 7, 579, 801, 664, 499]
Eval 17400: [233, 209, 193, 12, 935, 1107, 903, 528]
Eval 17440: [113, 171, 172, 5, 1004, 1227, 835, 696]
Eval 17480: [110, 134, 159, 0, 1063, 1387, 869, 634]
Eval 17520: [67, 96, 114, 2, 560, 877, 847, 1294]
Eval 17560: [79, 62, 120, 26, 500, 686, 605, 1387]
Eval 17600: [122, 152, 157, 0, 938, 1121, 1012, 823]
Eval 17640: [278, 248, 250, 5, 1065, 1260, 926, 928]
Eval 17680: [81, 82, 113, 36, 494, 860, 664, 513]
Eval 17720: [165, 133, 200, 41, 586, 833, 860, 810]
Eval 17760: [150, 178, 196, 5, 1175, 1417, 929, 637]
Eval 17800: [105, 122, 175, 26, 556, 770, 683, 635]
Eval 17840: [198, 203, 177, 1, 937, 1035, 912, 1033]
Eval 17880: [153, 177, 186, 7, 499, 731, 611, 547]
Eval 17920: [76, 91, 116, 10, 631, 932, 808, 1303]
Eval 17960: [89, 128, 127, 24, 486, 683, 649, 609]
Eval 18000: [96, 92, 96, 0, 592, 1088, 717, 876]
Eval 18040: [78, 88, 108, 1, 567, 991, 806, 945]
Eval 18080: [79, 85, 91, 21, 612, 947, 831, 1265]
Eval 18120: [220, 255, 226, 6, 1237, 1333, 1125, 739]
Eval 18160: [177, 215, 176, 0, 1013, 1029, 866, 528]
Eval 18200: [85, 87, 110, 14, 539, 661, 772, 593]
Eval 18240: [227, 208, 186, 2, 968, 1137, 864, 497]
Eval 18280: [73, 54, 119, 25, 561, 640, 557, 1381]
Eval 18320: [219, 153, 203, 15, 586, 865, 646, 385]
Eval 18360: [79, 119, 117, 41, 525, 576, 622, 673]
Eval 18400: [89, 131, 120, 1, 652, 1022, 825, 940]
Eval 18440: [91, 85, 101, 22, 771, 1038, 860, 786]
Eval 18480: [97, 79, 92, 13, 610, 1073, 736, 866]
Eval 18520: [85, 120, 133, 3, 713, 1012, 787, 932]
Eval 18560: [113, 131, 164, 48, 413, 869, 646, 505]
Eval 18600: [101, 91, 90, 10, 673, 1008, 765, 769]
Eval 18640: [93, 113, 169, 33, 389, 707, 611, 588]
Eval 18680: [87, 118, 143, 0, 782, 971, 836, 915]
Eval 18720: [101, 140, 203, 54, 519, 671, 570, 571]
Eval 18760: [167, 224, 224, 50, 581, 838, 640, 519]
Eval 18800: [94, 114, 197, 78, 505, 736, 603, 593]
Eval 18840: [170, 226, 226, 7, 504, 838, 683, 474]
Eval 18880: [93, 64, 115, 37, 550, 656, 598, 1543]
Eval 18920: [92, 111, 115, 0, 520, 794, 721, 1353]
Eval 18960: [178, 182, 244, 11, 567, 879, 634, 533]
Eval 19000: [88, 67, 97, 38, 442, 745, 664, 632]
Eval 19040: [114, 122, 193, 42, 487, 682, 605, 583]
Eval 19080: [92, 120, 199, 9, 442, 713, 606, 469]
Eval 19120: [130, 145, 146, 3, 972, 1389, 847, 621]
Eval 19160: [150, 146, 189, 4, 464, 774, 636, 523]
Eval 19200: [111, 124, 180, 8, 364, 719, 657, 602]
Eval 19240: [207, 200, 202, 30, 684, 1120, 753, 753]
Eval 19280: [188, 163, 193, 11, 588, 881, 682, 428]
Eval 19320: [86, 81, 95, 12, 608, 1016, 834, 772]
Eval 19360: [100, 106, 142, 19, 418, 743, 654, 615]
Eval 19400: [156, 145, 189, 48, 420, 744, 662, 474]
Eval 19440: [80, 85, 88, 25, 570, 911, 793, 1338]
Eval 19480: [103, 94, 110, 16, 496, 823, 656, 1261]
Eval 19520: [286, 287, 263, 5, 1124, 1359, 971, 986]
Eval 19560: [106, 137, 115, 11, 735, 1210, 815, 519]
Eval 19600: [102, 96, 93, 27, 830, 1078, 749, 794]
Eval 19640: [70, 98, 97, 14, 558, 704, 532, 1460]
Eval 19680: [122, 154, 140, 2, 907, 1299, 878, 727]
Eval 19720: [85, 89, 94, 3, 620, 994, 829, 647]
Eval 19760: [100, 134, 178, 19, 430, 753, 644, 528]
Eval 19800: [118, 126, 202, 8, 408, 706, 624, 553]
Eval 19840: [97, 76, 106, 20, 587, 1084, 749, 1283]
Eval 19880: [106, 147, 187, 61, 540, 659, 497, 709]
Eval 19920: [109, 112, 168, 34, 390, 707, 637, 529]
Eval 19960: [126, 188, 200, 6, 546, 796, 665, 538]
Eval 20000: [74, 100, 103, 41, 558, 863, 647, 597]
Eval 20040: [108, 91, 109, 0, 596, 788, 647, 1417]
Eval 20080: [270, 228, 208, 25, 1237, 1309, 914, 835]
Eval 20120: [107, 124, 166, 39, 340, 710, 632, 566]
Eval 20160: [110, 132, 179, 52, 520, 639, 565, 560]
Eval 20200: [152, 143, 173, 52, 501, 648, 580, 561]
Eval 20240: [84, 134, 156, 3, 625, 1032, 836, 747]
Eval 20280: [150, 164, 233, 13, 509, 802, 661, 404]
Eval 20320: [99, 120, 171, 17, 527, 635, 604, 654]
Eval 20360: [77, 84, 117, 25, 593, 662, 659, 620]
Eval 20400: [192, 198, 213, 28, 1404, 1434, 939, 771]
Eval 20440: [145, 139, 151, 0, 960, 1395, 907, 626]
Eval 20480: [91, 106, 117, 20, 357, 790, 645, 449]
Eval 20520: [254, 228, 204, 5, 1191, 1401, 1127, 762]
Eval 20560: [211, 220, 225, 4, 1142, 1329, 938, 937]
Eval 20600: [146, 143, 165, 49, 523, 832, 822, 675]
Eval 20640: [198, 191, 205, 4, 1032, 1154, 973, 716]
Eval 20680: [127, 150, 152, 2, 1063, 1368, 911, 627]
Eval 20720: [81, 106, 111, 30, 455, 884, 662, 604]
Eval 20760: [73, 90, 112, 20, 595, 748, 637, 660]
Eval 20800: [154, 156, 222, 6, 494, 764, 648, 385]
Eval 20840: [105, 134, 202, 15, 466, 718, 678, 700]
Eval 20880: [216, 236, 225, 4, 1250, 1408, 950, 989]
Eval 20920: [109, 139, 170, 48, 407, 779, 625, 503]
Eval 20960: [82, 62, 121, 15, 624, 760, 570, 1391]
Eval 21000: [77, 93, 106, 11, 581, 1052, 828, 771]
Eval 21040: [146, 147, 148, 0, 978, 1384, 843, 610]
Eval 21080: [90, 113, 188, 17, 511, 672, 584, 557]
Eval 21120: [193, 193, 196, 23, 1314, 1398, 979, 807]
Eval 21160: [196, 193, 198, 5, 436, 771, 728, 581]
Eval 21200: [110, 127, 111, 14, 640, 1091, 819, 740]
Eval 21240: [210, 191, 187, 5, 1018, 1082, 1098, 478]
Eval 21280: [141, 119, 185, 53, 477, 632, 517, 618]
Eval 21320: [79, 111, 107, 1, 485, 857, 851, 1354]
Eval 21360: [141, 170, 161, 0, 971, 1353, 887, 578]
Eval 21400: [91, 149, 178, 69, 449, 676, 534, 604]
Eval 21440: [114, 139, 173, 0, 1059, 1231, 859, 712]
Eval 21480: [144, 183, 217, 12, 694, 1004, 929, 816]
Eval 21520: [82, 134, 133, 1, 676, 970, 876, 1149]
Eval 21560: [227, 200, 220, 2, 1014, 1257, 906, 758]
Eval 21600: [63, 69, 112, 27, 588, 639, 666, 747]
Eval 21640: [187, 169, 220, 13, 522, 796, 686, 423]
Eval 21680: [108, 123, 139, 15, 863, 1015, 821, 596]
Eval 21720: [128, 130, 157, 8, 440, 826, 670, 517]
Eval 21760: [117, 113, 123, 37, 513, 686, 531, 582]
Eval 21800: [122, 135, 177, 33, 495, 677, 574, 627]
Eval 21840: [192, 215, 214, 5, 1158, 1362, 946, 914]
Eval 21880: [89, 104, 114, 14, 601, 711, 582, 1340]
Eval 21920: [154, 166, 210, 8, 490, 721, 680, 426]
Eval 21960: [193, 184, 207, 5, 1072, 1218, 934, 705]
Eval 22000: [223, 201, 207, 53, 734, 1134, 860, 981]
Eval 22040: [78, 82, 89, 2, 634, 945, 790, 1359]
Eval 22080: [82, 65, 114, 12, 456, 685, 627, 1304]
Eval 22120: [132, 156, 174, 5, 479, 841, 673, 622]
Eval 22160: [85, 99, 115, 0, 584, 949, 821, 1257]
Eval 22200: [99, 85, 117, 6, 453, 751, 643, 485]
Eval 22240: [206, 193, 203, 5, 1056, 1276, 978, 709]
