Eval 4: [984, 1275, 877, 1285]
Eval 8: [965, 1262, 876, 1319]
Eval 12: [436, 795, 644, 512]
Eval 16: [389, 786, 680, 522]
Eval 20: [297, 400, 322, 150]
Eval 24: [380, 776, 639, 568]
Eval 28: [964, 1238, 869, 1266]
Eval 32: [426, 732, 650, 514]
Eval 36: [427, 789, 619, 539]
Eval 40: [433, 716, 644, 520]
Eval 44: [387, 785, 642, 571]
Eval 48: [1007, 1264, 875, 1254]
Eval 52: [387, 781, 649, 546]
Eval 56: [393, 787, 614, 531]
Eval 60: [1057, 1260, 876, 1277]
Eval 64: [300, 404, 333, 150]
Eval 68: [952, 1260, 877, 1258]
Eval 72: [1001, 1243, 875, 1253]
Eval 76: [399, 691, 603, 516]
Eval 80: [304, 434, 326, 164]
Eval 84: [423, 798, 616, 524]
Eval 88: [308, 399, 334, 160]
Eval 92: [435, 776, 644, 566]
Eval 96: [374, 781, 634, 565]
Eval 100: [286, 433, 378, 207]
Eval 104: [387, 785, 642, 571]
Eval 108: [388, 740, 650, 532]
Eval 112: [387, 781, 649, 546]
Eval 116: [389, 786, 680, 522]
Eval 120: [395, 786, 648, 535]
Eval 124: [405, 784, 624, 533]
Eval 128: [308, 432, 326, 158]
Eval 132: [395, 790, 691, 558]
Eval 136: [280, 426, 320, 156]
Eval 140: [432, 784, 646, 543]
Eval 144: [393, 787, 614, 531]
Eval 148: [285, 438, 377, 145]
Eval 152: [425, 795, 621, 506]
Eval 156: [297, 400, 322, 150]
Eval 160: [402, 786, 648, 530]
Eval 164: [406, 786, 618, 529]
Eval 168: [401, 794, 628, 533]
Eval 172: [403, 774, 728, 575]
Eval 176: [310, 399, 310, 152]
Eval 180: [386, 789, 716, 536]
Eval 184: [439, 719, 646, 527]
Eval 188: [302, 435, 425, 213]
Eval 192: [399, 691, 603, 516]
Eval 196: [308, 399, 334, 160]
Eval 200: [406, 782, 619, 576]
Eval 204: [292, 441, 370, 206]
Eval 208: [287, 433, 371, 150]
